Archive member included to satisfy reference by file (symbol)

c:/st/stm32cubeide_1.10.0/stm32cubeide/plugins/com.st.stm32cube.ide.mcu.externaltools.gnu-tools-for-stm32.10.3-2021.10.win32_1.0.100.202210260954/tools/bin/../lib/gcc/arm-none-eabi/10.3.1/../../../../arm-none-eabi/lib/thumb/v7e-m+fp/hard\libstdc++_nano.a(pure.o)
                              ./Core/Src/main.o (__cxa_pure_virtual)
c:/st/stm32cubeide_1.10.0/stm32cubeide/plugins/com.st.stm32cube.ide.mcu.externaltools.gnu-tools-for-stm32.10.3-2021.10.win32_1.0.100.202210260954/tools/bin/../lib/gcc/arm-none-eabi/10.3.1/../../../../arm-none-eabi/lib/thumb/v7e-m+fp/hard\libstdc++_nano.a(eh_terminate.o)
                              c:/st/stm32cubeide_1.10.0/stm32cubeide/plugins/com.st.stm32cube.ide.mcu.externaltools.gnu-tools-for-stm32.10.3-2021.10.win32_1.0.100.202210260954/tools/bin/../lib/gcc/arm-none-eabi/10.3.1/../../../../arm-none-eabi/lib/thumb/v7e-m+fp/hard\libstdc++_nano.a(pure.o) (std::terminate())
c:/st/stm32cubeide_1.10.0/stm32cubeide/plugins/com.st.stm32cube.ide.mcu.externaltools.gnu-tools-for-stm32.10.3-2021.10.win32_1.0.100.202210260954/tools/bin/../lib/gcc/arm-none-eabi/10.3.1/../../../../arm-none-eabi/lib/thumb/v7e-m+fp/hard\libstdc++_nano.a(eh_unex_handler.o)
                              c:/st/stm32cubeide_1.10.0/stm32cubeide/plugins/com.st.stm32cube.ide.mcu.externaltools.gnu-tools-for-stm32.10.3-2021.10.win32_1.0.100.202210260954/tools/bin/../lib/gcc/arm-none-eabi/10.3.1/../../../../arm-none-eabi/lib/thumb/v7e-m+fp/hard\libstdc++_nano.a(eh_terminate.o) (__cxxabiv1::__unexpected_handler)
c:/st/stm32cubeide_1.10.0/stm32cubeide/plugins/com.st.stm32cube.ide.mcu.externaltools.gnu-tools-for-stm32.10.3-2021.10.win32_1.0.100.202210260954/tools/bin/../lib/gcc/arm-none-eabi/10.3.1/../../../../arm-none-eabi/lib/thumb/v7e-m+fp/hard\libstdc++_nano.a(eh_term_handler.o)
                              c:/st/stm32cubeide_1.10.0/stm32cubeide/plugins/com.st.stm32cube.ide.mcu.externaltools.gnu-tools-for-stm32.10.3-2021.10.win32_1.0.100.202210260954/tools/bin/../lib/gcc/arm-none-eabi/10.3.1/../../../../arm-none-eabi/lib/thumb/v7e-m+fp/hard\libstdc++_nano.a(eh_terminate.o) (__cxxabiv1::__terminate_handler)
c:/st/stm32cubeide_1.10.0/stm32cubeide/plugins/com.st.stm32cube.ide.mcu.externaltools.gnu-tools-for-stm32.10.3-2021.10.win32_1.0.100.202210260954/tools/bin/../lib/gcc/arm-none-eabi/10.3.1/../../../../arm-none-eabi/lib/thumb/v7e-m+fp/hard\libc_nano.a(lib_a-abort.o)
                              c:/st/stm32cubeide_1.10.0/stm32cubeide/plugins/com.st.stm32cube.ide.mcu.externaltools.gnu-tools-for-stm32.10.3-2021.10.win32_1.0.100.202210260954/tools/bin/../lib/gcc/arm-none-eabi/10.3.1/../../../../arm-none-eabi/lib/thumb/v7e-m+fp/hard\libstdc++_nano.a(eh_terminate.o) (abort)
c:/st/stm32cubeide_1.10.0/stm32cubeide/plugins/com.st.stm32cube.ide.mcu.externaltools.gnu-tools-for-stm32.10.3-2021.10.win32_1.0.100.202210260954/tools/bin/../lib/gcc/arm-none-eabi/10.3.1/../../../../arm-none-eabi/lib/thumb/v7e-m+fp/hard\libc_nano.a(lib_a-errno.o)
                              ./Core/Src/syscalls.o (__errno)
c:/st/stm32cubeide_1.10.0/stm32cubeide/plugins/com.st.stm32cube.ide.mcu.externaltools.gnu-tools-for-stm32.10.3-2021.10.win32_1.0.100.202210260954/tools/bin/../lib/gcc/arm-none-eabi/10.3.1/../../../../arm-none-eabi/lib/thumb/v7e-m+fp/hard\libc_nano.a(lib_a-exit.o)
                              c:/st/stm32cubeide_1.10.0/stm32cubeide/plugins/com.st.stm32cube.ide.mcu.externaltools.gnu-tools-for-stm32.10.3-2021.10.win32_1.0.100.202210260954/tools/bin/../lib/gcc/arm-none-eabi/10.3.1/../../../../arm-none-eabi/lib/thumb/v7e-m+fp/hard/crt0.o (exit)
c:/st/stm32cubeide_1.10.0/stm32cubeide/plugins/com.st.stm32cube.ide.mcu.externaltools.gnu-tools-for-stm32.10.3-2021.10.win32_1.0.100.202210260954/tools/bin/../lib/gcc/arm-none-eabi/10.3.1/../../../../arm-none-eabi/lib/thumb/v7e-m+fp/hard\libc_nano.a(lib_a-impure.o)
                              c:/st/stm32cubeide_1.10.0/stm32cubeide/plugins/com.st.stm32cube.ide.mcu.externaltools.gnu-tools-for-stm32.10.3-2021.10.win32_1.0.100.202210260954/tools/bin/../lib/gcc/arm-none-eabi/10.3.1/../../../../arm-none-eabi/lib/thumb/v7e-m+fp/hard\libc_nano.a(lib_a-exit.o) (_global_impure_ptr)
c:/st/stm32cubeide_1.10.0/stm32cubeide/plugins/com.st.stm32cube.ide.mcu.externaltools.gnu-tools-for-stm32.10.3-2021.10.win32_1.0.100.202210260954/tools/bin/../lib/gcc/arm-none-eabi/10.3.1/../../../../arm-none-eabi/lib/thumb/v7e-m+fp/hard\libc_nano.a(lib_a-init.o)
                              c:/st/stm32cubeide_1.10.0/stm32cubeide/plugins/com.st.stm32cube.ide.mcu.externaltools.gnu-tools-for-stm32.10.3-2021.10.win32_1.0.100.202210260954/tools/bin/../lib/gcc/arm-none-eabi/10.3.1/../../../../arm-none-eabi/lib/thumb/v7e-m+fp/hard/crt0.o (__libc_init_array)
[...]
Memory Configuration

Name             Origin             Length             Attributes
CCMRAM           0x0000000010000000 0x0000000000010000 xrw
RAM              0x0000000020000000 0x0000000000030000 xrw
FLASH            0x0000000008000000 0x0000000000200000 xr
*default*        0x0000000000000000 0xffffffffffffffff

Linker script and memory map

LOAD c:/st/stm32cubeide_1.10.0/stm32cubeide/plugins/com.st.stm32cube.ide.mcu.externaltools.gnu-tools-for-stm32.10.3-2021.10.win32_1.0.100.202210260954/tools/bin/../lib/gcc/arm-none-eabi/10.3.1/thumb/v7e-m+fp/hard/crti.o
LOAD c:/st/stm32cubeide_1.10.0/stm32cubeide/plugins/com.st.stm32cube.ide.mcu.externaltools.gnu-tools-for-stm32.10.3-2021.10.win32_1.0.100.202210260954/tools/bin/../lib/gcc/arm-none-eabi/10.3.1/thumb/v7e-m+fp/hard/crtbegin.o
LOAD c:/st/stm32cubeide_1.10.0/stm32cubeide/plugins/com.st.stm32cube.ide.mcu.externaltools.gnu-tools-for-stm32.10.3-2021.10.win32_1.0.100.202210260954/tools/bin/../lib/gcc/arm-none-eabi/10.3.1/../../../../arm-none-eabi/lib/thumb/v7e-m+fp/hard/crt0.o
LOAD ./Core/Inc/duration.o
LOAD ./Core/Inc/time.o
LOAD ./Core/Src/freertos.o
LOAD ./Core/Src/main.o
LOAD ./Core/Src/stm32f4xx_hal_msp.o
LOAD ./Core/Src/stm32f4xx_hal_timebase_tim.o
LOAD ./Core/Src/stm32f4xx_it.o
LOAD ./Core/Src/syscalls.o
LOAD ./Core/Src/sysmem.o
LOAD ./Core/Src/system_stm32f4xx.o
LOAD ./Core/Startup/startup_stm32f429zitx.o
LOAD ./Drivers/STM32F4xx_HAL_Driver/Src/stm32f4xx_hal.o
LOAD ./Drivers/STM32F4xx_HAL_Driver/Src/stm32f4xx_hal_adc.o
LOAD ./Drivers/STM32F4xx_HAL_Driver/Src/stm32f4xx_hal_adc_ex.o
LOAD ./Drivers/STM32F4xx_HAL_Driver/Src/stm32f4xx_hal_cortex.o
LOAD ./Drivers/STM32F4xx_HAL_Driver/Src/stm32f4xx_hal_dma.o
LOAD ./Drivers/STM32F4xx_HAL_Driver/Src/stm32f4xx_hal_dma_ex.o
LOAD ./Drivers/STM32F4xx_HAL_Driver/Src/stm32f4xx_hal_exti.o
LOAD ./Drivers/STM32F4xx_HAL_Driver/Src/stm32f4xx_hal_flash.o
LOAD ./Drivers/STM32F4xx_HAL_Driver/Src/stm32f4xx_hal_flash_ex.o
LOAD ./Drivers/STM32F4xx_HAL_Driver/Src/stm32f4xx_hal_flash_ramfunc.o
LOAD ./Drivers/STM32F4xx_HAL_Driver/Src/stm32f4xx_hal_gpio.o
LOAD ./Drivers/STM32F4xx_HAL_Driver/Src/stm32f4xx_hal_i2c.o
LOAD ./Drivers/STM32F4xx_HAL_Driver/Src/stm32f4xx_hal_i2c_ex.o
LOAD ./Drivers/STM32F4xx_HAL_Driver/Src/stm32f4xx_hal_pwr.o
LOAD ./Drivers/STM32F4xx_HAL_Driver/Src/stm32f4xx_hal_pwr_ex.o
LOAD ./Drivers/STM32F4xx_HAL_Driver/Src/stm32f4xx_hal_rcc.o
LOAD ./Drivers/STM32F4xx_HAL_Driver/Src/stm32f4xx_hal_rcc_ex.o
LOAD ./Drivers/STM32F4xx_HAL_Driver/Src/stm32f4xx_hal_tim.o
LOAD ./Drivers/STM32F4xx_HAL_Driver/Src/stm32f4xx_hal_tim_ex.o
LOAD ./Drivers/STM32F4xx_HAL_Driver/Src/stm32f4xx_hal_uart.o
LOAD ./Drivers/STM32F4xx_HAL_Driver/Src/stm32f4xx_ll_adc.o
LOAD ./Middlewares/Third_Party/FreeRTOS/Source/CMSIS_RTOS_V2/cmsis_os2.o
LOAD ./Middlewares/Third_Party/FreeRTOS/Source/croutine.o
LOAD ./Middlewares/Third_Party/FreeRTOS/Source/event_groups.o
LOAD ./Middlewares/Third_Party/FreeRTOS/Source/list.o
LOAD ./Middlewares/Third_Party/FreeRTOS/Source/queue.o
LOAD ./Middlewares/Third_Party/FreeRTOS/Source/stream_buffer.o
LOAD ./Middlewares/Third_Party/FreeRTOS/Source/tasks.o
LOAD ./Middlewares/Third_Party/FreeRTOS/Source/timers.o
LOAD ./Middlewares/Third_Party/FreeRTOS/Source/portable/GCC/ARM_CM4F/port.o
LOAD ./Middlewares/Third_Party/FreeRTOS/Source/portable/MemMang/heap_4.o
START GROUP
LOAD c:/st/stm32cubeide_1.10.0/stm32cubeide/plugins/com.st.stm32cube.ide.mcu.externaltools.gnu-tools-for-stm32.10.3-2021.10.win32_1.0.100.202210260954/tools/bin/../lib/gcc/arm-none-eabi/10.3.1/../../../../arm-none-eabi/lib/thumb/v7e-m+fp/hard\libstdc++_nano.a
LOAD c:/st/stm32cubeide_1.10.0/stm32cubeide/plugins/com.st.stm32cube.ide.mcu.externaltools.gnu-tools-for-stm32.10.3-2021.10.win32_1.0.100.202210260954/tools/bin/../lib/gcc/arm-none-eabi/10.3.1/../../../../arm-none-eabi/lib/thumb/v7e-m+fp/hard\libsupc++_nano.a
END GROUP
LOAD c:/st/stm32cubeide_1.10.0/stm32cubeide/plugins/com.st.stm32cube.ide.mcu.externaltools.gnu-tools-for-stm32.10.3-2021.10.win32_1.0.100.202210260954/tools/bin/../lib/gcc/arm-none-eabi/10.3.1/../../../../arm-none-eabi/lib/thumb/v7e-m+fp/hard\libstdc++_nano.a
LOAD c:/st/stm32cubeide_1.10.0/stm32cubeide/plugins/com.st.stm32cube.ide.mcu.externaltools.gnu-tools-for-stm32.10.3-2021.10.win32_1.0.100.202210260954/tools/bin/../lib/gcc/arm-none-eabi/10.3.1/../../../../arm-none-eabi/lib/thumb/v7e-m+fp/hard\libm.a
LOAD c:/st/stm32cubeide_1.10.0/stm32cubeide/plugins/com.st.stm32cube.ide.mcu.externaltools.gnu-tools-for-stm32.10.3-2021.10.win32_1.0.100.202210260954/tools/bin/../lib/gcc/arm-none-eabi/10.3.1/../../../../arm-none-eabi/lib/thumb/v7e-m+fp/hard\libc_nano.a
START GROUP
LOAD c:/st/stm32cubeide_1.10.0/stm32cubeide/plugins/com.st.stm32cube.ide.mcu.externaltools.gnu-tools-for-stm32.10.3-2021.10.win32_1.0.100.202210260954/tools/bin/../lib/gcc/arm-none-eabi/10.3.1/thumb/v7e-m+fp/hard\libgcc.a
LOAD c:/st/stm32cubeide_1.10.0/stm32cubeide/plugins/com.st.stm32cube.ide.mcu.externaltools.gnu-tools-for-stm32.10.3-2021.10.win32_1.0.100.202210260954/tools/bin/../lib/gcc/arm-none-eabi/10.3.1/../../../../arm-none-eabi/lib/thumb/v7e-m+fp/hard\libc_nano.a
END GROUP
START GROUP
LOAD c:/st/stm32cubeide_1.10.0/stm32cubeide/plugins/com.st.stm32cube.ide.mcu.externaltools.gnu-tools-for-stm32.10.3-2021.10.win32_1.0.100.202210260954/tools/bin/../lib/gcc/arm-none-eabi/10.3.1/thumb/v7e-m+fp/hard\libgcc.a
LOAD c:/st/stm32cubeide_1.10.0/stm32cubeide/plugins/com.st.stm32cube.ide.mcu.externaltools.gnu-tools-for-stm32.10.3-2021.10.win32_1.0.100.202210260954/tools/bin/../lib/gcc/arm-none-eabi/10.3.1/../../../../arm-none-eabi/lib/thumb/v7e-m+fp/hard\libc_nano.a
END GROUP
LOAD c:/st/stm32cubeide_1.10.0/stm32cubeide/plugins/com.st.stm32cube.ide.mcu.externaltools.gnu-tools-for-stm32.10.3-2021.10.win32_1.0.100.202210260954/tools/bin/../lib/gcc/arm-none-eabi/10.3.1/thumb/v7e-m+fp/hard/crtend.o
LOAD c:/st/stm32cubeide_1.10.0/stm32cubeide/plugins/com.st.stm32cube.ide.mcu.externaltools.gnu-tools-for-stm32.10.3-2021.10.win32_1.0.100.202210260954/tools/bin/../lib/gcc/arm-none-eabi/10.3.1/thumb/v7e-m+fp/hard/crtn.o
                0x0000000020030000                _estack = (ORIGIN (RAM) + LENGTH (RAM))
                0x0000000000000200                _Min_Heap_Size = 0x200
                0x0000000000000400                _Min_Stack_Size = 0x400

.isr_vector     0x0000000008000000      0x1ac
                0x0000000008000000                . = ALIGN (0x4)
 *(.isr_vector)
 .isr_vector    0x0000000008000000      0x1ac ./Core/Startup/startup_stm32f429zitx.o
                0x0000000008000000                g_pfnVectors
                0x00000000080001ac                . = ALIGN (0x4)

.text           0x00000000080001b0     0xab30
                0x00000000080001b0                . = ALIGN (0x4)
 *(.text)
 .text          0x00000000080001b0       0x40 c:/st/stm32cubeide_1.10.0/stm32cubeide/plugins/com.st.stm32cube.ide.mcu.externaltools.gnu-tools-for-stm32.10.3-2021.10.win32_1.0.100.202210260954/tools/bin/../lib/gcc/arm-none-eabi/10.3.1/thumb/v7e-m+fp/hard/crtbegin.o
 .text          0x00000000080001f0       0x10 c:/st/stm32cubeide_1.10.0/stm32cubeide/plugins/com.st.stm32cube.ide.mcu.externaltools.gnu-tools-for-stm32.10.3-2021.10.win32_1.0.100.202210260954/tools/bin/../lib/gcc/arm-none-eabi/10.3.1/../../../../arm-none-eabi/lib/thumb/v7e-m+fp/hard\libc_nano.a(lib_a-strlen.o)
                0x00000000080001f0                strlen
 .text          0x0000000008000200       0x30 c:/st/stm32cubeide_1.10.0/stm32cubeide/plugins/com.st.stm32cube.ide.mcu.externaltools.gnu-tools-for-stm32.10.3-2021.10.win32_1.0.100.202210260954/tools/bin/../lib/gcc/arm-none-eabi/10.3.1/thumb/v7e-m+fp/hard\libgcc.a(_aeabi_uldivmod.o)
                0x0000000008000200                __aeabi_uldivmod
 .text          0x0000000008000230      0x2d0 c:/st/stm32cubeide_1.10.0/stm32cubeide/plugins/com.st.stm32cube.ide.mcu.externaltools.gnu-tools-for-stm32.10.3-2021.10.win32_1.0.100.202210260954/tools/bin/../lib/gcc/arm-none-eabi/10.3.1/thumb/v7e-m+fp/hard\libgcc.a(_udivmoddi4.o)
                0x0000000008000230                __udivmoddi4
 .text          0x0000000008000500        0x4 c:/st/stm32cubeide_1.10.0/stm32cubeide/plugins/com.st.stm32cube.ide.mcu.externaltools.gnu-tools-for-stm32.10.3-2021.10.win32_1.0.100.202210260954/tools/bin/../lib/gcc/arm-none-eabi/10.3.1/thumb/v7e-m+fp/hard\libgcc.a(_dvmd_tls.o)
                0x0000000008000500                __aeabi_idiv0
                0x0000000008000500                __aeabi_ldiv0
 *(.text*)
 .text._ZN3ros16normalizeSecNSecERmS0_
                0x0000000008000504       0x58 ./Core/Inc/time.o
                0x0000000008000504                ros::normalizeSecNSec(unsigned long&, unsigned long&)
 .text._ZN3ros4TimeC2Ev
                0x000000000800055c       0x22 ./Core/Src/main.o
                0x000000000800055c                ros::Time::Time()
                0x000000000800055c                ros::Time::Time()
 *fill*         0x000000000800057e        0x2 
 .text._ZN3ros3MsgC2Ev
                0x0000000008000580       0x20 ./Core/Src/main.o
                0x0000000008000580                ros::Msg::Msg()
                0x0000000008000580                ros::Msg::Msg()
 .text._ZN8std_msgs4TimeC2Ev
                0x00000000080005a0       0x30 ./Core/Src/main.o
                0x00000000080005a0                std_msgs::Time::Time()
                0x00000000080005a0                std_msgs::Time::Time()
 .text._ZNK8std_msgs4Time9serializeEPh
                0x00000000080005d0       0xb0 ./Core/Src/main.o
                0x00000000080005d0                std_msgs::Time::serialize(unsigned char*) const
 .text._ZN8std_msgs4Time11deserializeEPh
                0x0000000008000680       0xc8 ./Core/Src/main.o
                0x0000000008000680                std_msgs::Time::deserialize(unsigned char*)
 .text._ZN8std_msgs4Time7getTypeEv
                0x0000000008000748       0x1c ./Core/Src/main.o
                0x0000000008000748                std_msgs::Time::getType()
 .text._ZN8std_msgs4Time6getMD5Ev
                0x0000000008000764       0x1c ./Core/Src/main.o
                0x0000000008000764                std_msgs::Time::getMD5()
 .text._ZN14rosserial_msgs9TopicInfoC2Ev
                0x0000000008000780       0x48 ./Core/Src/main.o
                0x0000000008000780                rosserial_msgs::TopicInfo::TopicInfo()
                0x0000000008000780                rosserial_msgs::TopicInfo::TopicInfo()
 .text._ZNK14rosserial_msgs9TopicInfo9serializeEPh
                0x00000000080007c8      0x136 ./Core/Src/main.o
                0x00000000080007c8                rosserial_msgs::TopicInfo::serialize(unsigned char*) const
 .text._ZN14rosserial_msgs9TopicInfo11deserializeEPh
                0x00000000080008fe      0x1d0 ./Core/Src/main.o
                0x00000000080008fe                rosserial_msgs::TopicInfo::deserialize(unsigned char*)
 *fill*         0x0000000008000ace        0x2 
 .text._ZN14rosserial_msgs9TopicInfo7getTypeEv
                0x0000000008000ad0       0x1c ./Core/Src/main.o
                0x0000000008000ad0                rosserial_msgs::TopicInfo::getType()
 .text._ZN14rosserial_msgs9TopicInfo6getMD5Ev
                0x0000000008000aec       0x1c ./Core/Src/main.o
                0x0000000008000aec                rosserial_msgs::TopicInfo::getMD5()
 .text._ZN14rosserial_msgs3LogC2Ev
                0x0000000008000b08       0x34 ./Core/Src/main.o
                0x0000000008000b08                rosserial_msgs::Log::Log()
                0x0000000008000b08                rosserial_msgs::Log::Log()
 .text._ZNK14rosserial_msgs3Log9serializeEPh
                0x0000000008000b3c       0x64 ./Core/Src/main.o
                0x0000000008000b3c                rosserial_msgs::Log::serialize(unsigned char*) const
 .text._ZN14rosserial_msgs3Log11deserializeEPh
                0x0000000008000ba0       0x90 ./Core/Src/main.o
                0x0000000008000ba0                rosserial_msgs::Log::deserialize(unsigned char*)
 .text._ZN14rosserial_msgs3Log7getTypeEv
                0x0000000008000c30       0x1c ./Core/Src/main.o
                0x0000000008000c30                rosserial_msgs::Log::getType()
 .text._ZN14rosserial_msgs3Log6getMD5Ev
                0x0000000008000c4c       0x1c ./Core/Src/main.o
                0x0000000008000c4c                rosserial_msgs::Log::getMD5()
 .text._ZN14rosserial_msgs20RequestParamResponseC2Ev
                0x0000000008000c68       0x48 ./Core/Src/main.o
                0x0000000008000c68                rosserial_msgs::RequestParamResponse::RequestParamResponse()
                0x0000000008000c68                rosserial_msgs::RequestParamResponse::RequestParamResponse()
 .text._ZNK14rosserial_msgs20RequestParamResponse9serializeEPh
                0x0000000008000cb0      0x222 ./Core/Src/main.o
                0x0000000008000cb0                rosserial_msgs::RequestParamResponse::serialize(unsigned char*) const
 .text._ZN14rosserial_msgs20RequestParamResponse11deserializeEPh
                0x0000000008000ed2      0x2e2 ./Core/Src/main.o
                0x0000000008000ed2                rosserial_msgs::RequestParamResponse::deserialize(unsigned char*)
 .text._ZN14rosserial_msgs20RequestParamResponse7getTypeEv
                0x00000000080011b4       0x1c ./Core/Src/main.o
                0x00000000080011b4                rosserial_msgs::RequestParamResponse::getType()
 .text._ZN14rosserial_msgs20RequestParamResponse6getMD5Ev
                0x00000000080011d0       0x1c ./Core/Src/main.o
                0x00000000080011d0                rosserial_msgs::RequestParamResponse::getMD5()
 .text._ZN3ros9PublisherC2EPKcPNS_3MsgEi
                0x00000000080011ec       0x2e ./Core/Src/main.o
                0x00000000080011ec                ros::Publisher::Publisher(char const*, ros::Msg*, int)
                0x00000000080011ec                ros::Publisher::Publisher(char const*, ros::Msg*, int)
 .text._ZN3ros9Publisher7publishEPKNS_3MsgE
                0x000000000800121a       0x28 ./Core/Src/main.o
                0x000000000800121a                ros::Publisher::publish(ros::Msg const*)
 .text._ZN3ros9Publisher15getEndpointTypeEv
                0x0000000008001242       0x18 ./Core/Src/main.o
                0x0000000008001242                ros::Publisher::getEndpointType()
 .text._ZN13STM32Hardware10getRdmaIndEv
                0x000000000800125a       0x26 ./Core/Src/main.o
                0x000000000800125a                STM32Hardware::getRdmaInd()
 .text._ZN13STM32HardwareC2Ev
                0x0000000008001280       0x38 ./Core/Src/main.o
                0x0000000008001280                STM32Hardware::STM32Hardware()
                0x0000000008001280                STM32Hardware::STM32Hardware()
 .text._ZN13STM32Hardware4initEv
                0x00000000080012b8       0x16 ./Core/Src/main.o
                0x00000000080012b8                STM32Hardware::init()
 .text._ZN13STM32Hardware10reset_rbufEv
                0x00000000080012ce       0x22 ./Core/Src/main.o
                0x00000000080012ce                STM32Hardware::reset_rbuf()
 .text._ZN13STM32Hardware4readEv
                0x00000000080012f0       0x5a ./Core/Src/main.o
                0x00000000080012f0                STM32Hardware::read()
 *fill*         0x000000000800134a        0x2 
 .text._ZN13STM32Hardware5flushEv
                0x000000000800134c       0xbc ./Core/Src/main.o
                0x000000000800134c                STM32Hardware::flush()
 .text._ZN13STM32Hardware5writeEPhi
                0x0000000008001408       0x9c ./Core/Src/main.o
                0x0000000008001408                STM32Hardware::write(unsigned char*, int)
 .text._ZN13STM32Hardware4timeEv
                0x00000000080014a4       0x16 ./Core/Src/main.o
                0x00000000080014a4                STM32Hardware::time()
 *fill*         0x00000000080014ba        0x2 
 .text._ZN8std_msgs6StringC2Ev
                0x00000000080014bc       0x30 ./Core/Src/main.o
                0x00000000080014bc                std_msgs::String::String()
                0x00000000080014bc                std_msgs::String::String()
 .text._ZNK8std_msgs6String9serializeEPh
                0x00000000080014ec       0x52 ./Core/Src/main.o
                0x00000000080014ec                std_msgs::String::serialize(unsigned char*) const
 .text._ZN8std_msgs6String11deserializeEPh
                0x000000000800153e       0x7e ./Core/Src/main.o
                0x000000000800153e                std_msgs::String::deserialize(unsigned char*)
 .text._ZN8std_msgs6String7getTypeEv
                0x00000000080015bc       0x1c ./Core/Src/main.o
                0x00000000080015bc                std_msgs::String::getType()
 .text._ZN8std_msgs6String6getMD5Ev
                0x00000000080015d8       0x1c ./Core/Src/main.o
                0x00000000080015d8                std_msgs::String::getMD5()
 .text._ZN8std_msgs4BoolC2Ev
                0x00000000080015f4       0x2c ./Core/Src/main.o
                0x00000000080015f4                std_msgs::Bool::Bool()
                0x00000000080015f4                std_msgs::Bool::Bool()
 .text._ZNK8std_msgs4Bool9serializeEPh
                0x0000000008001620       0x32 ./Core/Src/main.o
                0x0000000008001620                std_msgs::Bool::serialize(unsigned char*) const
 .text._ZN8std_msgs4Bool11deserializeEPh
                0x0000000008001652       0x3c ./Core/Src/main.o
                0x0000000008001652                std_msgs::Bool::deserialize(unsigned char*)
 *fill*         0x000000000800168e        0x2 
 .text._ZN8std_msgs4Bool7getTypeEv
                0x0000000008001690       0x1c ./Core/Src/main.o
                0x0000000008001690                std_msgs::Bool::getType()
 .text._ZN8std_msgs4Bool6getMD5Ev
                0x00000000080016ac       0x1c ./Core/Src/main.o
                0x00000000080016ac                std_msgs::Bool::getMD5()
 .text._Z16kierunekCallbackRKN8std_msgs4BoolE
                0x00000000080016c8       0x40 ./Core/Src/main.o
                0x00000000080016c8                kierunekCallback(std_msgs::Bool const&)
 .text.HAL_UART_TxCpltCallback
                0x0000000008001708       0x24 ./Core/Src/main.o
                0x0000000008001708                HAL_UART_TxCpltCallback
 .text.HAL_UART_RxCpltCallback
                0x000000000800172c       0x24 ./Core/Src/main.o
                0x000000000800172c                HAL_UART_RxCpltCallback
 .text.setup    0x0000000008001750       0x2c ./Core/Src/main.o
                0x0000000008001750                setup
 .text.loop     0x000000000800177c       0x38 ./Core/Src/main.o
                0x000000000800177c                loop
 .text.main     0x00000000080017b4       0xa4 ./Core/Src/main.o
                0x00000000080017b4                main
 .text._Z18SystemClock_Configv
                0x0000000008001858       0xe8 ./Core/Src/main.o
                0x0000000008001858                SystemClock_Config()
 .text._ZL12MX_ADC1_Initv
                0x0000000008001940       0xb8 ./Core/Src/main.o
 .text._ZL12MX_I2C1_Initv
                0x00000000080019f8       0xa0 ./Core/Src/main.o
 .text._ZL12MX_I2C2_Initv
                0x0000000008001a98       0xa0 ./Core/Src/main.o
 .text._ZL12MX_TIM1_Initv
                0x0000000008001b38      0x194 ./Core/Src/main.o
 .text._ZL12MX_TIM2_Initv
                0x0000000008001ccc       0xbc ./Core/Src/main.o
 .text._ZL12MX_TIM3_Initv
                0x0000000008001d88       0xbc ./Core/Src/main.o
 .text._ZL12MX_TIM4_Initv
                0x0000000008001e44       0xbc ./Core/Src/main.o
 .text._ZL12MX_TIM5_Initv
                0x0000000008001f00       0xbc ./Core/Src/main.o
 .text._ZL12MX_TIM6_Initv
                0x0000000008001fbc       0x80 ./Core/Src/main.o
 .text._ZL19MX_USART1_UART_Initv
                0x000000000800203c       0x5c ./Core/Src/main.o
 .text._ZL19MX_USART3_UART_Initv
                0x0000000008002098       0x5c ./Core/Src/main.o
 .text._ZL11MX_DMA_Initv
                0x00000000080020f4       0x50 ./Core/Src/main.o
 .text._ZL12MX_GPIO_Initv
                0x0000000008002144      0x1b4 ./Core/Src/main.o
 .text._Z16StartDefaultTaskPv
                0x00000000080022f8       0x58 ./Core/Src/main.o
                0x00000000080022f8                StartDefaultTask(void*)
 .text._Z11StartTask02Pv
                0x0000000008002350       0x16 ./Core/Src/main.o
                0x0000000008002350                StartTask02(void*)
 .text._Z11StartTask03Pv
                0x0000000008002366       0x10 ./Core/Src/main.o
                0x0000000008002366                StartTask03(void*)
 *fill*         0x0000000008002376        0x2 
 .text.HAL_TIM_PeriodElapsedCallback
                0x0000000008002378       0x24 ./Core/Src/main.o
                0x0000000008002378                HAL_TIM_PeriodElapsedCallback
 .text.Error_Handler
                0x000000000800239c        0xa ./Core/Src/main.o
                0x000000000800239c                Error_Handler
 .text._ZN3ros3Msg8varToArrIPhmEEvT_T0_
                0x00000000080023a6       0x3c ./Core/Src/main.o
                0x00000000080023a6                void ros::Msg::varToArr<unsigned char*, unsigned long>(unsigned char*, unsigned long)
 .text._ZN3ros3Msg8arrToVarImPhEEvRT_T0_
                0x00000000080023e2       0x4a ./Core/Src/main.o
                0x00000000080023e2                void ros::Msg::arrToVar<unsigned long, unsigned char*>(unsigned long&, unsigned char*)
 .text._ZN3ros15NodeHandleBase_C2Ev
                0x000000000800242c       0x20 ./Core/Src/main.o
                0x000000000800242c                ros::NodeHandleBase_::NodeHandleBase_()
                0x000000000800242c                ros::NodeHandleBase_::NodeHandleBase_()
 .text._ZN3ros11NodeHandle_I13STM32HardwareLi25ELi25ELi512ELi512EEC2Ev
                0x000000000800244c      0x100 ./Core/Src/main.o
                0x000000000800244c                ros::NodeHandle_<STM32Hardware, 25, 25, 512, 512>::NodeHandle_()
                0x000000000800244c                ros::NodeHandle_<STM32Hardware, 25, 25, 512, 512>::NodeHandle_()
 .text._ZN3ros11Subscriber_C2Ev
                0x000000000800254c       0x20 ./Core/Src/main.o
                0x000000000800254c                ros::Subscriber_::Subscriber_()
                0x000000000800254c                ros::Subscriber_::Subscriber_()
 .text._ZN3ros10SubscriberIN8std_msgs4BoolEvEC2EPKcPFvRKS2_Ei
                0x000000000800256c       0x48 ./Core/Src/main.o
                0x000000000800256c                ros::Subscriber<std_msgs::Bool, void>::Subscriber(char const*, void (*)(std_msgs::Bool const&), int)
                0x000000000800256c                ros::Subscriber<std_msgs::Bool, void>::Subscriber(char const*, void (*)(std_msgs::Bool const&), int)
 .text._ZN3ros11NodeHandle_I13STM32HardwareLi25ELi25ELi512ELi512EE11getHardwareEv
                0x00000000080025b4       0x18 ./Core/Src/main.o
                0x00000000080025b4                ros::NodeHandle_<STM32Hardware, 25, 25, 512, 512>::getHardware()
 .text._ZN3ros11NodeHandle_I13STM32HardwareLi25ELi25ELi512ELi512EE8initNodeEv
                0x00000000080025cc       0x3a ./Core/Src/main.o
                0x00000000080025cc                ros::NodeHandle_<STM32Hardware, 25, 25, 512, 512>::initNode()
 .text._ZN3ros11NodeHandle_I13STM32HardwareLi25ELi25ELi512ELi512EE9advertiseERNS_9PublisherE
                0x0000000008002606       0x60 ./Core/Src/main.o
                0x0000000008002606                ros::NodeHandle_<STM32Hardware, 25, 25, 512, 512>::advertise(ros::Publisher&)
 .text._ZN3ros11NodeHandle_I13STM32HardwareLi25ELi25ELi512ELi512EE9subscribeINS_10SubscriberIN8std_msgs4BoolEvEEEEbRT_
                0x0000000008002666       0x56 ./Core/Src/main.o
                0x0000000008002666                bool ros::NodeHandle_<STM32Hardware, 25, 25, 512, 512>::subscribe<ros::Subscriber<std_msgs::Bool, void> >(ros::Subscriber<std_msgs::Bool, void>&)
 .text._ZN3ros11NodeHandle_I13STM32HardwareLi25ELi25ELi512ELi512EE8spinOnceEv
                0x00000000080026bc      0x3b2 ./Core/Src/main.o
                0x00000000080026bc                ros::NodeHandle_<STM32Hardware, 25, 25, 512, 512>::spinOnce()
 .text._ZN3ros11NodeHandle_I13STM32HardwareLi25ELi25ELi512ELi512EE15requestSyncTimeEv
                0x0000000008002a6e       0x3c ./Core/Src/main.o
                0x0000000008002a6e                ros::NodeHandle_<STM32Hardware, 25, 25, 512, 512>::requestSyncTime()
 .text._ZN3ros11NodeHandle_I13STM32HardwareLi25ELi25ELi512ELi512EE15negotiateTopicsEv
                0x0000000008002aaa      0x1be ./Core/Src/main.o
                0x0000000008002aaa                ros::NodeHandle_<STM32Hardware, 25, 25, 512, 512>::negotiateTopics()
 .text._ZN3ros11NodeHandle_I13STM32HardwareLi25ELi25ELi512ELi512EE8syncTimeEPh
                0x0000000008002c68       0x98 ./Core/Src/main.o
                0x0000000008002c68                ros::NodeHandle_<STM32Hardware, 25, 25, 512, 512>::syncTime(unsigned char*)
 .text._ZN3ros11NodeHandle_I13STM32HardwareLi25ELi25ELi512ELi512EE7publishEiPKNS_3MsgE
                0x0000000008002d00      0x128 ./Core/Src/main.o
                0x0000000008002d00                ros::NodeHandle_<STM32Hardware, 25, 25, 512, 512>::publish(int, ros::Msg const*)
 .text._ZN3ros11NodeHandle_I13STM32HardwareLi25ELi25ELi512ELi512EE6setNowERNS_4TimeE
                0x0000000008002e28       0x80 ./Core/Src/main.o
                0x0000000008002e28                ros::NodeHandle_<STM32Hardware, 25, 25, 512, 512>::setNow(ros::Time&)
 .text._ZN3ros11NodeHandle_I13STM32HardwareLi25ELi25ELi512ELi512EE8logerrorEPKc
                0x0000000008002ea8       0x1c ./Core/Src/main.o
                0x0000000008002ea8                ros::NodeHandle_<STM32Hardware, 25, 25, 512, 512>::logerror(char const*)
 .text._ZN3ros11NodeHandle_I13STM32HardwareLi25ELi25ELi512ELi512EE3logEcPKc
                0x0000000008002ec4       0x38 ./Core/Src/main.o
                0x0000000008002ec4                ros::NodeHandle_<STM32Hardware, 25, 25, 512, 512>::log(char, char const*)
 .text._Z41__static_initialization_and_destruction_0ii
                0x0000000008002efc       0x64 ./Core/Src/main.o
 .text._ZN3ros10SubscriberIN8std_msgs4BoolEvE8callbackEPh
                0x0000000008002f60       0x2a ./Core/Src/main.o
                0x0000000008002f60                ros::Subscriber<std_msgs::Bool, void>::callback(unsigned char*)
 .text._ZN3ros10SubscriberIN8std_msgs4BoolEvE15getEndpointTypeEv
                0x0000000008002f8a       0x18 ./Core/Src/main.o
                0x0000000008002f8a                ros::Subscriber<std_msgs::Bool, void>::getEndpointType()
 .text._ZN3ros10SubscriberIN8std_msgs4BoolEvE10getMsgTypeEv
                0x0000000008002fa2       0x1c ./Core/Src/main.o
                0x0000000008002fa2                ros::Subscriber<std_msgs::Bool, void>::getMsgType()
 .text._ZN3ros10SubscriberIN8std_msgs4BoolEvE9getMsgMD5Ev
                0x0000000008002fbe       0x1c ./Core/Src/main.o
                0x0000000008002fbe                ros::Subscriber<std_msgs::Bool, void>::getMsgMD5()
 .text._ZN3ros11NodeHandle_I13STM32HardwareLi25ELi25ELi512ELi512EE9connectedEv
                0x0000000008002fda       0x1a ./Core/Src/main.o
                0x0000000008002fda                ros::NodeHandle_<STM32Hardware, 25, 25, 512, 512>::connected()
 .text._GLOBAL__sub_I_hadc1
                0x0000000008002ff4       0x10 ./Core/Src/main.o
 .text.HAL_MspInit
                0x0000000008003004       0x58 ./Core/Src/stm32f4xx_hal_msp.o
                0x0000000008003004                HAL_MspInit
 .text.HAL_ADC_MspInit
                0x000000000800305c       0x88 ./Core/Src/stm32f4xx_hal_msp.o
                0x000000000800305c                HAL_ADC_MspInit
 .text.HAL_I2C_MspInit
                0x00000000080030e4       0xfc ./Core/Src/stm32f4xx_hal_msp.o
                0x00000000080030e4                HAL_I2C_MspInit
 .text.HAL_TIM_PWM_MspInit
                0x00000000080031e0       0x50 ./Core/Src/stm32f4xx_hal_msp.o
                0x00000000080031e0                HAL_TIM_PWM_MspInit
 .text.HAL_TIM_Encoder_MspInit
                0x0000000008003230      0x208 ./Core/Src/stm32f4xx_hal_msp.o
                0x0000000008003230                HAL_TIM_Encoder_MspInit
 .text.HAL_TIM_Base_MspInit
                0x0000000008003438       0x50 ./Core/Src/stm32f4xx_hal_msp.o
                0x0000000008003438                HAL_TIM_Base_MspInit
 .text.HAL_TIM_MspPostInit
                0x0000000008003488       0x74 ./Core/Src/stm32f4xx_hal_msp.o
                0x0000000008003488                HAL_TIM_MspPostInit
 .text.HAL_UART_MspInit
                0x00000000080034fc      0x1e0 ./Core/Src/stm32f4xx_hal_msp.o
                0x00000000080034fc                HAL_UART_MspInit
 .text.HAL_InitTick
                0x00000000080036dc       0xe8 ./Core/Src/stm32f4xx_hal_timebase_tim.o
                0x00000000080036dc                HAL_InitTick
 .text.NMI_Handler
                0x00000000080037c4        0x6 ./Core/Src/stm32f4xx_it.o
                0x00000000080037c4                NMI_Handler
 .text.HardFault_Handler
                0x00000000080037ca        0x6 ./Core/Src/stm32f4xx_it.o
                0x00000000080037ca                HardFault_Handler
 .text.MemManage_Handler
                0x00000000080037d0        0x6 ./Core/Src/stm32f4xx_it.o
                0x00000000080037d0                MemManage_Handler
 .text.BusFault_Handler
                0x00000000080037d6        0x6 ./Core/Src/stm32f4xx_it.o
                0x00000000080037d6                BusFault_Handler
 .text.UsageFault_Handler
                0x00000000080037dc        0x6 ./Core/Src/stm32f4xx_it.o
                0x00000000080037dc                UsageFault_Handler
 .text.DebugMon_Handler
                0x00000000080037e2        0xe ./Core/Src/stm32f4xx_it.o
                0x00000000080037e2                DebugMon_Handler
 .text.TIM1_UP_TIM10_IRQHandler
                0x00000000080037f0       0x1c ./Core/Src/stm32f4xx_it.o
                0x00000000080037f0                TIM1_UP_TIM10_IRQHandler
 .text.USART1_IRQHandler
                0x000000000800380c       0x14 ./Core/Src/stm32f4xx_it.o
                0x000000000800380c                USART1_IRQHandler
 .text.TIM6_DAC_IRQHandler
                0x0000000008003820       0x14 ./Core/Src/stm32f4xx_it.o
                0x0000000008003820                TIM6_DAC_IRQHandler
 .text.DMA2_Stream2_IRQHandler
                0x0000000008003834       0x14 ./Core/Src/stm32f4xx_it.o
                0x0000000008003834                DMA2_Stream2_IRQHandler
 .text.DMA2_Stream7_IRQHandler
                0x0000000008003848       0x14 ./Core/Src/stm32f4xx_it.o
                0x0000000008003848                DMA2_Stream7_IRQHandler
 .text._getpid  0x000000000800385c       0x10 ./Core/Src/syscalls.o
                0x000000000800385c                _getpid
 .text._kill    0x000000000800386c       0x20 ./Core/Src/syscalls.o
                0x000000000800386c                _kill
 .text._exit    0x000000000800388c       0x14 ./Core/Src/syscalls.o
                0x000000000800388c                _exit
 .text._sbrk    0x00000000080038a0       0x6c ./Core/Src/sysmem.o
                0x00000000080038a0                _sbrk
 .text.SystemInit
                0x000000000800390c       0x24 ./Core/Src/system_stm32f4xx.o
                0x000000000800390c                SystemInit
 .text.Reset_Handler
                0x0000000008003930       0x50 ./Core/Startup/startup_stm32f429zitx.o
                0x0000000008003930                Reset_Handler
 .text.Default_Handler
                0x0000000008003980        0x2 ./Core/Startup/startup_stm32f429zitx.o
                0x0000000008003980                RTC_Alarm_IRQHandler
                0x0000000008003980                HASH_RNG_IRQHandler
                0x0000000008003980                EXTI2_IRQHandler
                0x0000000008003980                TIM8_CC_IRQHandler
                0x0000000008003980                UART8_IRQHandler
                0x0000000008003980                SPI4_IRQHandler
                0x0000000008003980                TIM1_CC_IRQHandler
                0x0000000008003980                DMA2_Stream5_IRQHandler
                0x0000000008003980                DMA1_Stream5_IRQHandler
                0x0000000008003980                PVD_IRQHandler
                0x0000000008003980                SDIO_IRQHandler
                0x0000000008003980                TAMP_STAMP_IRQHandler
                0x0000000008003980                CAN2_RX1_IRQHandler
                0x0000000008003980                EXTI3_IRQHandler
                0x0000000008003980                TIM8_TRG_COM_TIM14_IRQHandler
                0x0000000008003980                TIM8_UP_TIM13_IRQHandler
                0x0000000008003980                I2C3_ER_IRQHandler
                0x0000000008003980                EXTI0_IRQHandler
                0x0000000008003980                I2C2_EV_IRQHandler
                0x0000000008003980                DMA1_Stream2_IRQHandler
                0x0000000008003980                CAN1_RX0_IRQHandler
                0x0000000008003980                FPU_IRQHandler
                0x0000000008003980                OTG_HS_WKUP_IRQHandler
                0x0000000008003980                LTDC_ER_IRQHandler
                0x0000000008003980                CAN2_SCE_IRQHandler
                0x0000000008003980                SPI1_IRQHandler
                0x0000000008003980                TIM1_BRK_TIM9_IRQHandler
                0x0000000008003980                DCMI_IRQHandler
                0x0000000008003980                CAN2_RX0_IRQHandler
                0x0000000008003980                DMA2_Stream3_IRQHandler
                0x0000000008003980                USART6_IRQHandler
                0x0000000008003980                USART3_IRQHandler
                0x0000000008003980                CAN1_RX1_IRQHandler
                0x0000000008003980                UART5_IRQHandler
                0x0000000008003980                DMA2_Stream0_IRQHandler
                0x0000000008003980                TIM4_IRQHandler
                0x0000000008003980                I2C1_EV_IRQHandler
                0x0000000008003980                DMA1_Stream6_IRQHandler
                0x0000000008003980                DMA1_Stream1_IRQHandler
                0x0000000008003980                UART4_IRQHandler
                0x0000000008003980                TIM3_IRQHandler
                0x0000000008003980                RCC_IRQHandler
                0x0000000008003980                TIM8_BRK_TIM12_IRQHandler
                0x0000000008003980                Default_Handler
                0x0000000008003980                EXTI15_10_IRQHandler
                0x0000000008003980                ADC_IRQHandler
                0x0000000008003980                DMA1_Stream7_IRQHandler
                0x0000000008003980                SPI5_IRQHandler
                0x0000000008003980                TIM7_IRQHandler
                0x0000000008003980                CAN2_TX_IRQHandler
                0x0000000008003980                TIM5_IRQHandler
                0x0000000008003980                I2C3_EV_IRQHandler
                0x0000000008003980                EXTI9_5_IRQHandler
                0x0000000008003980                RTC_WKUP_IRQHandler
                0x0000000008003980                LTDC_IRQHandler
                0x0000000008003980                ETH_WKUP_IRQHandler
                0x0000000008003980                SPI2_IRQHandler
                0x0000000008003980                OTG_HS_EP1_IN_IRQHandler
                0x0000000008003980                DMA1_Stream0_IRQHandler
                0x0000000008003980                CAN1_TX_IRQHandler
                0x0000000008003980                EXTI4_IRQHandler
                0x0000000008003980                ETH_IRQHandler
                0x0000000008003980                OTG_HS_EP1_OUT_IRQHandler
                0x0000000008003980                WWDG_IRQHandler
                0x0000000008003980                SPI6_IRQHandler
                0x0000000008003980                TIM2_IRQHandler
                0x0000000008003980                OTG_FS_WKUP_IRQHandler
                0x0000000008003980                TIM1_TRG_COM_TIM11_IRQHandler
                0x0000000008003980                OTG_HS_IRQHandler
                0x0000000008003980                DMA2D_IRQHandler
                0x0000000008003980                EXTI1_IRQHandler
                0x0000000008003980                UART7_IRQHandler
                0x0000000008003980                USART2_IRQHandler
                0x0000000008003980                I2C2_ER_IRQHandler
                0x0000000008003980                DMA2_Stream1_IRQHandler
                0x0000000008003980                CAN1_SCE_IRQHandler
                0x0000000008003980                FLASH_IRQHandler
                0x0000000008003980                DMA2_Stream4_IRQHandler
                0x0000000008003980                OTG_FS_IRQHandler
                0x0000000008003980                SPI3_IRQHandler
                0x0000000008003980                DMA1_Stream4_IRQHandler
                0x0000000008003980                I2C1_ER_IRQHandler
                0x0000000008003980                FMC_IRQHandler
                0x0000000008003980                DMA2_Stream6_IRQHandler
                0x0000000008003980                SAI1_IRQHandler
                0x0000000008003980                DMA1_Stream3_IRQHandler
 *fill*         0x0000000008003982        0x2 
 .text.HAL_Init
                0x0000000008003984       0x44 ./Drivers/STM32F4xx_HAL_Driver/Src/stm32f4xx_hal.o
                0x0000000008003984                HAL_Init
 .text.HAL_IncTick
                0x00000000080039c8       0x28 ./Drivers/STM32F4xx_HAL_Driver/Src/stm32f4xx_hal.o
                0x00000000080039c8                HAL_IncTick
 .text.HAL_GetTick
                0x00000000080039f0       0x18 ./Drivers/STM32F4xx_HAL_Driver/Src/stm32f4xx_hal.o
                0x00000000080039f0                HAL_GetTick
 .text.HAL_ADC_Init
                0x0000000008003a08       0x86 ./Drivers/STM32F4xx_HAL_Driver/Src/stm32f4xx_hal_adc.o
                0x0000000008003a08                HAL_ADC_Init
 *fill*         0x0000000008003a8e        0x2 
 .text.HAL_ADC_ConfigChannel
                0x0000000008003a90      0x264 ./Drivers/STM32F4xx_HAL_Driver/Src/stm32f4xx_hal_adc.o
                0x0000000008003a90                HAL_ADC_ConfigChannel
 .text.ADC_Init
                0x0000000008003cf4      0x1f8 ./Drivers/STM32F4xx_HAL_Driver/Src/stm32f4xx_hal_adc.o
 .text.__NVIC_SetPriorityGrouping
                0x0000000008003eec       0x48 ./Drivers/STM32F4xx_HAL_Driver/Src/stm32f4xx_hal_cortex.o
 .text.__NVIC_GetPriorityGrouping
                0x0000000008003f34       0x1c ./Drivers/STM32F4xx_HAL_Driver/Src/stm32f4xx_hal_cortex.o
 .text.__NVIC_EnableIRQ
                0x0000000008003f50       0x3c ./Drivers/STM32F4xx_HAL_Driver/Src/stm32f4xx_hal_cortex.o
 .text.__NVIC_SetPriority
                0x0000000008003f8c       0x54 ./Drivers/STM32F4xx_HAL_Driver/Src/stm32f4xx_hal_cortex.o
 .text.NVIC_EncodePriority
                0x0000000008003fe0       0x66 ./Drivers/STM32F4xx_HAL_Driver/Src/stm32f4xx_hal_cortex.o
 .text.HAL_NVIC_SetPriorityGrouping
                0x0000000008004046       0x16 ./Drivers/STM32F4xx_HAL_Driver/Src/stm32f4xx_hal_cortex.o
                0x0000000008004046                HAL_NVIC_SetPriorityGrouping
 .text.HAL_NVIC_SetPriority
                0x000000000800405c       0x38 ./Drivers/STM32F4xx_HAL_Driver/Src/stm32f4xx_hal_cortex.o
                0x000000000800405c                HAL_NVIC_SetPriority
 .text.HAL_NVIC_EnableIRQ
                0x0000000008004094       0x1c ./Drivers/STM32F4xx_HAL_Driver/Src/stm32f4xx_hal_cortex.o
                0x0000000008004094                HAL_NVIC_EnableIRQ
 .text.HAL_DMA_Init
                0x00000000080040b0      0x15c ./Drivers/STM32F4xx_HAL_Driver/Src/stm32f4xx_hal_dma.o
                0x00000000080040b0                HAL_DMA_Init
 .text.HAL_DMA_Start_IT
                0x000000000800420c       0xb0 ./Drivers/STM32F4xx_HAL_Driver/Src/stm32f4xx_hal_dma.o
                0x000000000800420c                HAL_DMA_Start_IT
 .text.HAL_DMA_Abort
                0x00000000080042bc       0xe0 ./Drivers/STM32F4xx_HAL_Driver/Src/stm32f4xx_hal_dma.o
                0x00000000080042bc                HAL_DMA_Abort
 .text.HAL_DMA_Abort_IT
                0x000000000800439c       0x44 ./Drivers/STM32F4xx_HAL_Driver/Src/stm32f4xx_hal_dma.o
                0x000000000800439c                HAL_DMA_Abort_IT
 .text.HAL_DMA_IRQHandler
                0x00000000080043e0      0x314 ./Drivers/STM32F4xx_HAL_Driver/Src/stm32f4xx_hal_dma.o
                0x00000000080043e0                HAL_DMA_IRQHandler
 .text.DMA_SetConfig
                0x00000000080046f4       0x5c ./Drivers/STM32F4xx_HAL_Driver/Src/stm32f4xx_hal_dma.o
 .text.DMA_CalcBaseAndBitshift
                0x0000000008004750       0x6c ./Drivers/STM32F4xx_HAL_Driver/Src/stm32f4xx_hal_dma.o
 .text.DMA_CheckFifoParam
                0x00000000080047bc       0xf8 ./Drivers/STM32F4xx_HAL_Driver/Src/stm32f4xx_hal_dma.o
 .text.HAL_GPIO_Init
                0x00000000080048b4      0x358 ./Drivers/STM32F4xx_HAL_Driver/Src/stm32f4xx_hal_gpio.o
                0x00000000080048b4                HAL_GPIO_Init
 .text.HAL_GPIO_ReadPin
                0x0000000008004c0c       0x30 ./Drivers/STM32F4xx_HAL_Driver/Src/stm32f4xx_hal_gpio.o
                0x0000000008004c0c                HAL_GPIO_ReadPin
 .text.HAL_GPIO_WritePin
                0x0000000008004c3c       0x32 ./Drivers/STM32F4xx_HAL_Driver/Src/stm32f4xx_hal_gpio.o
                0x0000000008004c3c                HAL_GPIO_WritePin
 .text.HAL_GPIO_TogglePin
                0x0000000008004c6e       0x34 ./Drivers/STM32F4xx_HAL_Driver/Src/stm32f4xx_hal_gpio.o
                0x0000000008004c6e                HAL_GPIO_TogglePin
 *fill*         0x0000000008004ca2        0x2 
 .text.HAL_I2C_Init
                0x0000000008004ca4      0x288 ./Drivers/STM32F4xx_HAL_Driver/Src/stm32f4xx_hal_i2c.o
                0x0000000008004ca4                HAL_I2C_Init
 .text.HAL_I2CEx_ConfigAnalogFilter
                0x0000000008004f2c       0x78 ./Drivers/STM32F4xx_HAL_Driver/Src/stm32f4xx_hal_i2c_ex.o
                0x0000000008004f2c                HAL_I2CEx_ConfigAnalogFilter
 .text.HAL_I2CEx_ConfigDigitalFilter
                0x0000000008004fa4       0x7e ./Drivers/STM32F4xx_HAL_Driver/Src/stm32f4xx_hal_i2c_ex.o
                0x0000000008004fa4                HAL_I2CEx_ConfigDigitalFilter
 *fill*         0x0000000008005022        0x2 
 .text.HAL_RCC_OscConfig
                0x0000000008005024      0x4f0 ./Drivers/STM32F4xx_HAL_Driver/Src/stm32f4xx_hal_rcc.o
                0x0000000008005024                HAL_RCC_OscConfig
 .text.HAL_RCC_ClockConfig
                0x0000000008005514      0x1cc ./Drivers/STM32F4xx_HAL_Driver/Src/stm32f4xx_hal_rcc.o
                0x0000000008005514                HAL_RCC_ClockConfig
 .text.HAL_RCC_GetSysClockFreq
                0x00000000080056e0      0x20c ./Drivers/STM32F4xx_HAL_Driver/Src/stm32f4xx_hal_rcc.o
                0x00000000080056e0                HAL_RCC_GetSysClockFreq
 .text.HAL_RCC_GetHCLKFreq
                0x00000000080058ec       0x18 ./Drivers/STM32F4xx_HAL_Driver/Src/stm32f4xx_hal_rcc.o
                0x00000000080058ec                HAL_RCC_GetHCLKFreq
 .text.HAL_RCC_GetPCLK1Freq
                0x0000000008005904       0x28 ./Drivers/STM32F4xx_HAL_Driver/Src/stm32f4xx_hal_rcc.o
                0x0000000008005904                HAL_RCC_GetPCLK1Freq
 .text.HAL_RCC_GetPCLK2Freq
                0x000000000800592c       0x28 ./Drivers/STM32F4xx_HAL_Driver/Src/stm32f4xx_hal_rcc.o
                0x000000000800592c                HAL_RCC_GetPCLK2Freq
 .text.HAL_RCC_GetClockConfig
                0x0000000008005954       0x64 ./Drivers/STM32F4xx_HAL_Driver/Src/stm32f4xx_hal_rcc.o
                0x0000000008005954                HAL_RCC_GetClockConfig
 .text.HAL_TIM_Base_Init
                0x00000000080059b8       0x9e ./Drivers/STM32F4xx_HAL_Driver/Src/stm32f4xx_hal_tim.o
                0x00000000080059b8                HAL_TIM_Base_Init
 *fill*         0x0000000008005a56        0x2 
 .text.HAL_TIM_Base_Start_IT
                0x0000000008005a58       0xe0 ./Drivers/STM32F4xx_HAL_Driver/Src/stm32f4xx_hal_tim.o
                0x0000000008005a58                HAL_TIM_Base_Start_IT
 .text.HAL_TIM_PWM_Init
                0x0000000008005b38       0x9e ./Drivers/STM32F4xx_HAL_Driver/Src/stm32f4xx_hal_tim.o
                0x0000000008005b38                HAL_TIM_PWM_Init
 *fill*         0x0000000008005bd6        0x2 
 .text.HAL_TIM_PWM_Start
                0x0000000008005bd8      0x190 ./Drivers/STM32F4xx_HAL_Driver/Src/stm32f4xx_hal_tim.o
                0x0000000008005bd8                HAL_TIM_PWM_Start
 .text.HAL_TIM_PWM_Stop
                0x0000000008005d68       0xe0 ./Drivers/STM32F4xx_HAL_Driver/Src/stm32f4xx_hal_tim.o
                0x0000000008005d68                HAL_TIM_PWM_Stop
 .text.HAL_TIM_Encoder_Init
                0x0000000008005e48      0x14c ./Drivers/STM32F4xx_HAL_Driver/Src/stm32f4xx_hal_tim.o
                0x0000000008005e48                HAL_TIM_Encoder_Init
 .text.HAL_TIM_IRQHandler
                0x0000000008005f94      0x210 ./Drivers/STM32F4xx_HAL_Driver/Src/stm32f4xx_hal_tim.o
                0x0000000008005f94                HAL_TIM_IRQHandler
 .text.HAL_TIM_PWM_ConfigChannel
                0x00000000080061a4      0x184 ./Drivers/STM32F4xx_HAL_Driver/Src/stm32f4xx_hal_tim.o
                0x00000000080061a4                HAL_TIM_PWM_ConfigChannel
 .text.HAL_TIM_OC_DelayElapsedCallback
                0x0000000008006328       0x14 ./Drivers/STM32F4xx_HAL_Driver/Src/stm32f4xx_hal_tim.o
                0x0000000008006328                HAL_TIM_OC_DelayElapsedCallback
 .text.HAL_TIM_IC_CaptureCallback
                0x000000000800633c       0x14 ./Drivers/STM32F4xx_HAL_Driver/Src/stm32f4xx_hal_tim.o
                0x000000000800633c                HAL_TIM_IC_CaptureCallback
 .text.HAL_TIM_PWM_PulseFinishedCallback
                0x0000000008006350       0x14 ./Drivers/STM32F4xx_HAL_Driver/Src/stm32f4xx_hal_tim.o
                0x0000000008006350                HAL_TIM_PWM_PulseFinishedCallback
 .text.HAL_TIM_TriggerCallback
                0x0000000008006364       0x14 ./Drivers/STM32F4xx_HAL_Driver/Src/stm32f4xx_hal_tim.o
                0x0000000008006364                HAL_TIM_TriggerCallback
 .text.TIM_Base_SetConfig
                0x0000000008006378      0x140 ./Drivers/STM32F4xx_HAL_Driver/Src/stm32f4xx_hal_tim.o
                0x0000000008006378                TIM_Base_SetConfig
 .text.TIM_OC1_SetConfig
                0x00000000080064b8       0xe0 ./Drivers/STM32F4xx_HAL_Driver/Src/stm32f4xx_hal_tim.o
 .text.TIM_OC2_SetConfig
                0x0000000008006598       0xec ./Drivers/STM32F4xx_HAL_Driver/Src/stm32f4xx_hal_tim.o
                0x0000000008006598                TIM_OC2_SetConfig
 .text.TIM_OC3_SetConfig
                0x0000000008006684       0xe8 ./Drivers/STM32F4xx_HAL_Driver/Src/stm32f4xx_hal_tim.o
 .text.TIM_OC4_SetConfig
                0x000000000800676c       0xac ./Drivers/STM32F4xx_HAL_Driver/Src/stm32f4xx_hal_tim.o
 .text.TIM_CCxChannelCmd
                0x0000000008006818       0x4a ./Drivers/STM32F4xx_HAL_Driver/Src/stm32f4xx_hal_tim.o
                0x0000000008006818                TIM_CCxChannelCmd
 *fill*         0x0000000008006862        0x2 
 .text.HAL_TIMEx_MasterConfigSynchronization
                0x0000000008006864       0xf8 ./Drivers/STM32F4xx_HAL_Driver/Src/stm32f4xx_hal_tim_ex.o
                0x0000000008006864                HAL_TIMEx_MasterConfigSynchronization
 .text.HAL_TIMEx_ConfigBreakDeadTime
                0x000000000800695c       0xa4 ./Drivers/STM32F4xx_HAL_Driver/Src/stm32f4xx_hal_tim_ex.o
                0x000000000800695c                HAL_TIMEx_ConfigBreakDeadTime
 .text.HAL_TIMEx_CommutCallback
                0x0000000008006a00       0x14 ./Drivers/STM32F4xx_HAL_Driver/Src/stm32f4xx_hal_tim_ex.o
                0x0000000008006a00                HAL_TIMEx_CommutCallback
 .text.HAL_TIMEx_BreakCallback
                0x0000000008006a14       0x14 ./Drivers/STM32F4xx_HAL_Driver/Src/stm32f4xx_hal_tim_ex.o
                0x0000000008006a14                HAL_TIMEx_BreakCallback
 .text.HAL_UART_Init
                0x0000000008006a28       0x9a ./Drivers/STM32F4xx_HAL_Driver/Src/stm32f4xx_hal_uart.o
                0x0000000008006a28                HAL_UART_Init
 *fill*         0x0000000008006ac2        0x2 
 .text.HAL_UART_Transmit_DMA
                0x0000000008006ac4       0xfc ./Drivers/STM32F4xx_HAL_Driver/Src/stm32f4xx_hal_uart.o
                0x0000000008006ac4                HAL_UART_Transmit_DMA
 .text.HAL_UART_Receive_DMA
                0x0000000008006bc0       0x60 ./Drivers/STM32F4xx_HAL_Driver/Src/stm32f4xx_hal_uart.o
                0x0000000008006bc0                HAL_UART_Receive_DMA
 .text.HAL_UART_IRQHandler
                0x0000000008006c20      0x51c ./Drivers/STM32F4xx_HAL_Driver/Src/stm32f4xx_hal_uart.o
                0x0000000008006c20                HAL_UART_IRQHandler
 .text.HAL_UART_TxHalfCpltCallback
                0x000000000800713c       0x14 ./Drivers/STM32F4xx_HAL_Driver/Src/stm32f4xx_hal_uart.o
                0x000000000800713c                HAL_UART_TxHalfCpltCallback
 .text.HAL_UART_RxHalfCpltCallback
                0x0000000008007150       0x14 ./Drivers/STM32F4xx_HAL_Driver/Src/stm32f4xx_hal_uart.o
                0x0000000008007150                HAL_UART_RxHalfCpltCallback
 .text.HAL_UART_ErrorCallback
                0x0000000008007164       0x14 ./Drivers/STM32F4xx_HAL_Driver/Src/stm32f4xx_hal_uart.o
                0x0000000008007164                HAL_UART_ErrorCallback
 .text.HAL_UARTEx_RxEventCallback
                0x0000000008007178       0x18 ./Drivers/STM32F4xx_HAL_Driver/Src/stm32f4xx_hal_uart.o
                0x0000000008007178                HAL_UARTEx_RxEventCallback
 .text.UART_DMATransmitCplt
                0x0000000008007190       0x9a ./Drivers/STM32F4xx_HAL_Driver/Src/stm32f4xx_hal_uart.o
 .text.UART_DMATxHalfCplt
                0x000000000800722a       0x1c ./Drivers/STM32F4xx_HAL_Driver/Src/stm32f4xx_hal_uart.o
 .text.UART_DMAReceiveCplt
                0x0000000008007246      0x126 ./Drivers/STM32F4xx_HAL_Driver/Src/stm32f4xx_hal_uart.o
 .text.UART_DMARxHalfCplt
                0x000000000800736c       0x36 ./Drivers/STM32F4xx_HAL_Driver/Src/stm32f4xx_hal_uart.o
 .text.UART_DMAError
                0x00000000080073a2       0x94 ./Drivers/STM32F4xx_HAL_Driver/Src/stm32f4xx_hal_uart.o
 *fill*         0x0000000008007436        0x2 
 .text.UART_Start_Receive_DMA
                0x0000000008007438      0x13c ./Drivers/STM32F4xx_HAL_Driver/Src/stm32f4xx_hal_uart.o
                0x0000000008007438                UART_Start_Receive_DMA
 .text.UART_EndTxTransfer
                0x0000000008007574       0x50 ./Drivers/STM32F4xx_HAL_Driver/Src/stm32f4xx_hal_uart.o
 .text.UART_EndRxTransfer
                0x00000000080075c4       0xc6 ./Drivers/STM32F4xx_HAL_Driver/Src/stm32f4xx_hal_uart.o
 .text.UART_DMAAbortOnError
                0x000000000800768a       0x28 ./Drivers/STM32F4xx_HAL_Driver/Src/stm32f4xx_hal_uart.o
 .text.UART_Transmit_IT
                0x00000000080076b2       0xa0 ./Drivers/STM32F4xx_HAL_Driver/Src/stm32f4xx_hal_uart.o
 .text.UART_EndTransmit_IT
                0x0000000008007752       0x30 ./Drivers/STM32F4xx_HAL_Driver/Src/stm32f4xx_hal_uart.o
 .text.UART_Receive_IT
                0x0000000008007782      0x176 ./Drivers/STM32F4xx_HAL_Driver/Src/stm32f4xx_hal_uart.o
 .text.UART_SetConfig
                0x00000000080078f8      0x4e8 ./Drivers/STM32F4xx_HAL_Driver/Src/stm32f4xx_hal_uart.o
 .text.__NVIC_SetPriority
                0x0000000008007de0       0x54 ./Middlewares/Third_Party/FreeRTOS/Source/CMSIS_RTOS_V2/cmsis_os2.o
 .text.SysTick_Handler
                0x0000000008007e34       0x20 ./Middlewares/Third_Party/FreeRTOS/Source/CMSIS_RTOS_V2/cmsis_os2.o
                0x0000000008007e34                SysTick_Handler
 .text.SVC_Setup
                0x0000000008007e54       0x12 ./Middlewares/Third_Party/FreeRTOS/Source/CMSIS_RTOS_V2/cmsis_os2.o
 *fill*         0x0000000008007e66        0x2 
 .text.osKernelInitialize
                0x0000000008007e68       0x48 ./Middlewares/Third_Party/FreeRTOS/Source/CMSIS_RTOS_V2/cmsis_os2.o
                0x0000000008007e68                osKernelInitialize
 .text.osKernelStart
                0x0000000008007eb0       0x4c ./Middlewares/Third_Party/FreeRTOS/Source/CMSIS_RTOS_V2/cmsis_os2.o
                0x0000000008007eb0                osKernelStart
 .text.osThreadNew
                0x0000000008007efc      0x124 ./Middlewares/Third_Party/FreeRTOS/Source/CMSIS_RTOS_V2/cmsis_os2.o
                0x0000000008007efc                osThreadNew
 .text.osDelay  0x0000000008008020       0x36 ./Middlewares/Third_Party/FreeRTOS/Source/CMSIS_RTOS_V2/cmsis_os2.o
                0x0000000008008020                osDelay
 *fill*         0x0000000008008056        0x2 
 .text.vApplicationGetIdleTaskMemory
                0x0000000008008058       0x34 ./Middlewares/Third_Party/FreeRTOS/Source/CMSIS_RTOS_V2/cmsis_os2.o
                0x0000000008008058                vApplicationGetIdleTaskMemory
 .text.vApplicationGetTimerTaskMemory
                0x000000000800808c       0x34 ./Middlewares/Third_Party/FreeRTOS/Source/CMSIS_RTOS_V2/cmsis_os2.o
                0x000000000800808c                vApplicationGetTimerTaskMemory
 .text.vListInitialise
                0x00000000080080c0       0x40 ./Middlewares/Third_Party/FreeRTOS/Source/list.o
                0x00000000080080c0                vListInitialise
 .text.vListInitialiseItem
                0x0000000008008100       0x1a ./Middlewares/Third_Party/FreeRTOS/Source/list.o
                0x0000000008008100                vListInitialiseItem
 .text.vListInsertEnd
                0x000000000800811a       0x48 ./Middlewares/Third_Party/FreeRTOS/Source/list.o
                0x000000000800811a                vListInsertEnd
 .text.vListInsert
                0x0000000008008162       0x72 ./Middlewares/Third_Party/FreeRTOS/Source/list.o
                0x0000000008008162                vListInsert
 .text.uxListRemove
                0x00000000080081d4       0x54 ./Middlewares/Third_Party/FreeRTOS/Source/list.o
                0x00000000080081d4                uxListRemove
 .text.xQueueGenericReset
                0x0000000008008228       0xd0 ./Middlewares/Third_Party/FreeRTOS/Source/queue.o
                0x0000000008008228                xQueueGenericReset
 .text.xQueueGenericCreateStatic
                0x00000000080082f8       0xf0 ./Middlewares/Third_Party/FreeRTOS/Source/queue.o
                0x00000000080082f8                xQueueGenericCreateStatic
 .text.prvInitialiseNewQueue
                0x00000000080083e8       0x46 ./Middlewares/Third_Party/FreeRTOS/Source/queue.o
 *fill*         0x000000000800842e        0x2 
 .text.xQueueGenericSend
                0x0000000008008430      0x1fc ./Middlewares/Third_Party/FreeRTOS/Source/queue.o
                0x0000000008008430                xQueueGenericSend
 .text.xQueueGenericSendFromISR
                0x000000000800862c      0x136 ./Middlewares/Third_Party/FreeRTOS/Source/queue.o
                0x000000000800862c                xQueueGenericSendFromISR
 *fill*         0x0000000008008762        0x2 
 .text.xQueueReceive
                0x0000000008008764      0x1c0 ./Middlewares/Third_Party/FreeRTOS/Source/queue.o
                0x0000000008008764                xQueueReceive
 .text.prvCopyDataToQueue
                0x0000000008008924       0xd4 ./Middlewares/Third_Party/FreeRTOS/Source/queue.o
 .text.prvCopyDataFromQueue
                0x00000000080089f8       0x4c ./Middlewares/Third_Party/FreeRTOS/Source/queue.o
 .text.prvUnlockQueue
                0x0000000008008a44       0xa4 ./Middlewares/Third_Party/FreeRTOS/Source/queue.o
 .text.prvIsQueueEmpty
                0x0000000008008ae8       0x2c ./Middlewares/Third_Party/FreeRTOS/Source/queue.o
 .text.prvIsQueueFull
                0x0000000008008b14       0x30 ./Middlewares/Third_Party/FreeRTOS/Source/queue.o
 .text.vQueueAddToRegistry
                0x0000000008008b44       0x54 ./Middlewares/Third_Party/FreeRTOS/Source/queue.o
                0x0000000008008b44                vQueueAddToRegistry
 .text.vQueueWaitForMessageRestricted
                0x0000000008008b98       0x68 ./Middlewares/Third_Party/FreeRTOS/Source/queue.o
                0x0000000008008b98                vQueueWaitForMessageRestricted
 .text.xTaskCreateStatic
                0x0000000008008c00       0xba ./Middlewares/Third_Party/FreeRTOS/Source/tasks.o
                0x0000000008008c00                xTaskCreateStatic
 .text.xTaskCreate
                0x0000000008008cba       0x8a ./Middlewares/Third_Party/FreeRTOS/Source/tasks.o
                0x0000000008008cba                xTaskCreate
 .text.prvInitialiseNewTask
                0x0000000008008d44      0x11e ./Middlewares/Third_Party/FreeRTOS/Source/tasks.o
 *fill*         0x0000000008008e62        0x2 
 .text.prvAddNewTaskToReadyList
                0x0000000008008e64       0xe0 ./Middlewares/Third_Party/FreeRTOS/Source/tasks.o
 .text.vTaskDelay
                0x0000000008008f44       0x68 ./Middlewares/Third_Party/FreeRTOS/Source/tasks.o
                0x0000000008008f44                vTaskDelay
 .text.vTaskStartScheduler
                0x0000000008008fac       0xcc ./Middlewares/Third_Party/FreeRTOS/Source/tasks.o
                0x0000000008008fac                vTaskStartScheduler
 .text.vTaskSuspendAll
                0x0000000008009078       0x1c ./Middlewares/Third_Party/FreeRTOS/Source/tasks.o
                0x0000000008009078                vTaskSuspendAll
 .text.xTaskResumeAll
                0x0000000008009094      0x13c ./Middlewares/Third_Party/FreeRTOS/Source/tasks.o
                0x0000000008009094                xTaskResumeAll
 .text.xTaskGetTickCount
                0x00000000080091d0       0x20 ./Middlewares/Third_Party/FreeRTOS/Source/tasks.o
                0x00000000080091d0                xTaskGetTickCount
 .text.xTaskIncrementTick
                0x00000000080091f0      0x174 ./Middlewares/Third_Party/FreeRTOS/Source/tasks.o
                0x00000000080091f0                xTaskIncrementTick
 .text.vTaskSwitchContext
                0x0000000008009364       0xbc ./Middlewares/Third_Party/FreeRTOS/Source/tasks.o
                0x0000000008009364                vTaskSwitchContext
 .text.vTaskPlaceOnEventList
                0x0000000008009420       0x48 ./Middlewares/Third_Party/FreeRTOS/Source/tasks.o
                0x0000000008009420                vTaskPlaceOnEventList
 .text.vTaskPlaceOnEventListRestricted
                0x0000000008009468       0x58 ./Middlewares/Third_Party/FreeRTOS/Source/tasks.o
                0x0000000008009468                vTaskPlaceOnEventListRestricted
 .text.xTaskRemoveFromEventList
                0x00000000080094c0       0xc8 ./Middlewares/Third_Party/FreeRTOS/Source/tasks.o
                0x00000000080094c0                xTaskRemoveFromEventList
 .text.vTaskInternalSetTimeOutState
                0x0000000008009588       0x2c ./Middlewares/Third_Party/FreeRTOS/Source/tasks.o
                0x0000000008009588                vTaskInternalSetTimeOutState
 .text.xTaskCheckForTimeOut
                0x00000000080095b4       0xc4 ./Middlewares/Third_Party/FreeRTOS/Source/tasks.o
                0x00000000080095b4                xTaskCheckForTimeOut
 .text.vTaskMissedYield
                0x0000000008009678       0x18 ./Middlewares/Third_Party/FreeRTOS/Source/tasks.o
                0x0000000008009678                vTaskMissedYield
 .text.prvIdleTask
                0x0000000008009690       0x30 ./Middlewares/Third_Party/FreeRTOS/Source/tasks.o
 .text.prvInitialiseTaskLists
                0x00000000080096c0       0x80 ./Middlewares/Third_Party/FreeRTOS/Source/tasks.o
 .text.prvCheckTasksWaitingTermination
                0x0000000008009740       0x5c ./Middlewares/Third_Party/FreeRTOS/Source/tasks.o
 .text.prvDeleteTCB
                0x000000000800979c       0x5e ./Middlewares/Third_Party/FreeRTOS/Source/tasks.o
 *fill*         0x00000000080097fa        0x2 
 .text.prvResetNextTaskUnblockTime
                0x00000000080097fc       0x40 ./Middlewares/Third_Party/FreeRTOS/Source/tasks.o
 .text.xTaskGetSchedulerState
                0x000000000800983c       0x3c ./Middlewares/Third_Party/FreeRTOS/Source/tasks.o
                0x000000000800983c                xTaskGetSchedulerState
 .text.xTaskPriorityDisinherit
                0x0000000008009878       0xdc ./Middlewares/Third_Party/FreeRTOS/Source/tasks.o
                0x0000000008009878                xTaskPriorityDisinherit
 .text.prvAddCurrentTaskToDelayedList
                0x0000000008009954       0xa8 ./Middlewares/Third_Party/FreeRTOS/Source/tasks.o
 .text.xTimerCreateTimerTask
                0x00000000080099fc       0x90 ./Middlewares/Third_Party/FreeRTOS/Source/timers.o
                0x00000000080099fc                xTimerCreateTimerTask
 .text.xTimerGenericCommand
                0x0000000008009a8c       0x9c ./Middlewares/Third_Party/FreeRTOS/Source/timers.o
                0x0000000008009a8c                xTimerGenericCommand
 .text.prvProcessExpiredTimer
                0x0000000008009b28       0x98 ./Middlewares/Third_Party/FreeRTOS/Source/timers.o
 .text.prvTimerTask
                0x0000000008009bc0       0x24 ./Middlewares/Third_Party/FreeRTOS/Source/timers.o
 .text.prvProcessTimerOrBlockTask
                0x0000000008009be4       0x9c ./Middlewares/Third_Party/FreeRTOS/Source/timers.o
 .text.prvGetNextExpireTime
                0x0000000008009c80       0x48 ./Middlewares/Third_Party/FreeRTOS/Source/timers.o
 .text.prvSampleTimeNow
                0x0000000008009cc8       0x40 ./Middlewares/Third_Party/FreeRTOS/Source/timers.o
 .text.prvInsertTimerInActiveList
                0x0000000008009d08       0x84 ./Middlewares/Third_Party/FreeRTOS/Source/timers.o
 .text.prvProcessReceivedCommands
                0x0000000008009d8c      0x1c4 ./Middlewares/Third_Party/FreeRTOS/Source/timers.o
 .text.prvSwitchTimerLists
                0x0000000008009f50       0xc8 ./Middlewares/Third_Party/FreeRTOS/Source/timers.o
 .text.prvCheckForValidListAndQueue
                0x000000000800a018       0x80 ./Middlewares/Third_Party/FreeRTOS/Source/timers.o
 .text.pxPortInitialiseStack
                0x000000000800a098       0x68 ./Middlewares/Third_Party/FreeRTOS/Source/portable/GCC/ARM_CM4F/port.o
                0x000000000800a098                pxPortInitialiseStack
 .text.prvTaskExitError
                0x000000000800a100       0x58 ./Middlewares/Third_Party/FreeRTOS/Source/portable/GCC/ARM_CM4F/port.o
 *fill*         0x000000000800a158        0x8 
 .text.SVC_Handler
                0x000000000800a160       0x28 ./Middlewares/Third_Party/FreeRTOS/Source/portable/GCC/ARM_CM4F/port.o
                0x000000000800a160                SVC_Handler
 .text.prvPortStartFirstTask
                0x000000000800a188       0x28 ./Middlewares/Third_Party/FreeRTOS/Source/portable/GCC/ARM_CM4F/port.o
 .text.xPortStartScheduler
                0x000000000800a1b0      0x144 ./Middlewares/Third_Party/FreeRTOS/Source/portable/GCC/ARM_CM4F/port.o
                0x000000000800a1b0                xPortStartScheduler
 .text.vPortEnterCritical
                0x000000000800a2f4       0x60 ./Middlewares/Third_Party/FreeRTOS/Source/portable/GCC/ARM_CM4F/port.o
                0x000000000800a2f4                vPortEnterCritical
 .text.vPortExitCritical
                0x000000000800a354       0x54 ./Middlewares/Third_Party/FreeRTOS/Source/portable/GCC/ARM_CM4F/port.o
                0x000000000800a354                vPortExitCritical
 *fill*         0x000000000800a3a8        0x8 
 .text.PendSV_Handler
                0x000000000800a3b0       0x68 ./Middlewares/Third_Party/FreeRTOS/Source/portable/GCC/ARM_CM4F/port.o
                0x000000000800a3b0                PendSV_Handler
 .text.xPortSysTickHandler
                0x000000000800a418       0x44 ./Middlewares/Third_Party/FreeRTOS/Source/portable/GCC/ARM_CM4F/port.o
                0x000000000800a418                xPortSysTickHandler
 .text.vPortSetupTimerInterrupt
                0x000000000800a45c       0x48 ./Middlewares/Third_Party/FreeRTOS/Source/portable/GCC/ARM_CM4F/port.o
                0x000000000800a45c                vPortSetupTimerInterrupt
 .text.vPortEnableVFP
                0x000000000800a4a4       0x14 ./Middlewares/Third_Party/FreeRTOS/Source/portable/GCC/ARM_CM4F/port.o
 .text.vPortValidateInterruptPriority
                0x000000000800a4b8       0x80 ./Middlewares/Third_Party/FreeRTOS/Source/portable/GCC/ARM_CM4F/port.o
                0x000000000800a4b8                vPortValidateInterruptPriority
 .text.pvPortMalloc
                0x000000000800a538      0x198 ./Middlewares/Third_Party/FreeRTOS/Source/portable/MemMang/heap_4.o
                0x000000000800a538                pvPortMalloc
 .text.vPortFree
                0x000000000800a6d0       0xc4 ./Middlewares/Third_Party/FreeRTOS/Source/portable/MemMang/heap_4.o
                0x000000000800a6d0                vPortFree
 .text.prvHeapInit
                0x000000000800a794       0xc4 ./Middlewares/Third_Party/FreeRTOS/Source/portable/MemMang/heap_4.o
 .text.prvInsertBlockIntoFreeList
                0x000000000800a858       0xb4 ./Middlewares/Third_Party/FreeRTOS/Source/portable/MemMang/heap_4.o
 .text.__cxa_pure_virtual
                0x000000000800a90c        0x6 c:/st/stm32cubeide_1.10.0/stm32cubeide/plugins/com.st.stm32cube.ide.mcu.externaltools.gnu-tools-for-stm32.10.3-2021.10.win32_1.0.100.202210260954/tools/bin/../lib/gcc/arm-none-eabi/10.3.1/../../../../arm-none-eabi/lib/thumb/v7e-m+fp/hard\libstdc++_nano.a(pure.o)
                0x000000000800a90c                __cxa_pure_virtual
 .text._ZN10__cxxabiv111__terminateEPFvvE
                0x000000000800a912        0x8 c:/st/stm32cubeide_1.10.0/stm32cubeide/plugins/com.st.stm32cube.ide.mcu.externaltools.gnu-tools-for-stm32.10.3-2021.10.win32_1.0.100.202210260954/tools/bin/../lib/gcc/arm-none-eabi/10.3.1/../../../../arm-none-eabi/lib/thumb/v7e-m+fp/hard\libstdc++_nano.a(eh_terminate.o)
                0x000000000800a912                __cxxabiv1::__terminate(void (*)())
 *fill*         0x000000000800a91a        0x2 
 .text._ZSt13get_terminatev
                0x000000000800a91c       0x10 c:/st/stm32cubeide_1.10.0/stm32cubeide/plugins/com.st.stm32cube.ide.mcu.externaltools.gnu-tools-for-stm32.10.3-2021.10.win32_1.0.100.202210260954/tools/bin/../lib/gcc/arm-none-eabi/10.3.1/../../../../arm-none-eabi/lib/thumb/v7e-m+fp/hard\libstdc++_nano.a(eh_terminate.o)
                0x000000000800a91c                std::get_terminate()
 .text._ZSt9terminatev
                0x000000000800a92c        0xa c:/st/stm32cubeide_1.10.0/stm32cubeide/plugins/com.st.stm32cube.ide.mcu.externaltools.gnu-tools-for-stm32.10.3-2021.10.win32_1.0.100.202210260954/tools/bin/../lib/gcc/arm-none-eabi/10.3.1/../../../../arm-none-eabi/lib/thumb/v7e-m+fp/hard\libstdc++_nano.a(eh_terminate.o)
                0x000000000800a92c                std::terminate()
 .text.abort    0x000000000800a936        0xe c:/st/stm32cubeide_1.10.0/stm32cubeide/plugins/com.st.stm32cube.ide.mcu.externaltools.gnu-tools-for-stm32.10.3-2021.10.win32_1.0.100.202210260954/tools/bin/../lib/gcc/arm-none-eabi/10.3.1/../../../../arm-none-eabi/lib/thumb/v7e-m+fp/hard\libc_nano.a(lib_a-abort.o)
                0x000000000800a936                abort
 .text.__errno  0x000000000800a944        0xc c:/st/stm32cubeide_1.10.0/stm32cubeide/plugins/com.st.stm32cube.ide.mcu.externaltools.gnu-tools-for-stm32.10.3-2021.10.win32_1.0.100.202210260954/tools/bin/../lib/gcc/arm-none-eabi/10.3.1/../../../../arm-none-eabi/lib/thumb/v7e-m+fp/hard\libc_nano.a(lib_a-errno.o)
                0x000000000800a944                __errno
 .text.__libc_init_array
                0x000000000800a950       0x48 c:/st/stm32cubeide_1.10.0/stm32cubeide/plugins/com.st.stm32cube.ide.mcu.externaltools.gnu-tools-for-stm32.10.3-2021.10.win32_1.0.100.202210260954/tools/bin/../lib/gcc/arm-none-eabi/10.3.1/../../../../arm-none-eabi/lib/thumb/v7e-m+fp/hard\libc_nano.a(lib_a-init.o)
                0x000000000800a950                __libc_init_array
 .text.memcpy   0x000000000800a998       0x1c c:/st/stm32cubeide_1.10.0/stm32cubeide/plugins/com.st.stm32cube.ide.mcu.externaltools.gnu-tools-for-stm32.10.3-2021.10.win32_1.0.100.202210260954/tools/bin/../lib/gcc/arm-none-eabi/10.3.1/../../../../arm-none-eabi/lib/thumb/v7e-m+fp/hard\libc_nano.a(lib_a-memcpy-stub.o)
                0x000000000800a998                memcpy
 .text.memset   0x000000000800a9b4       0x10 c:/st/stm32cubeide_1.10.0/stm32cubeide/plugins/com.st.stm32cube.ide.mcu.externaltools.gnu-tools-for-stm32.10.3-2021.10.win32_1.0.100.202210260954/tools/bin/../lib/gcc/arm-none-eabi/10.3.1/../../../../arm-none-eabi/lib/thumb/v7e-m+fp/hard\libc_nano.a(lib_a-memset.o)
                0x000000000800a9b4                memset
 .text.realloc  0x000000000800a9c4       0x10 c:/st/stm32cubeide_1.10.0/stm32cubeide/plugins/com.st.stm32cube.ide.mcu.externaltools.gnu-tools-for-stm32.10.3-2021.10.win32_1.0.100.202210260954/tools/bin/../lib/gcc/arm-none-eabi/10.3.1/../../../../arm-none-eabi/lib/thumb/v7e-m+fp/hard\libc_nano.a(lib_a-realloc.o)
                0x000000000800a9c4                realloc
 .text._raise_r
                0x000000000800a9d4       0x50 c:/st/stm32cubeide_1.10.0/stm32cubeide/plugins/com.st.stm32cube.ide.mcu.externaltools.gnu-tools-for-stm32.10.3-2021.10.win32_1.0.100.202210260954/tools/bin/../lib/gcc/arm-none-eabi/10.3.1/../../../../arm-none-eabi/lib/thumb/v7e-m+fp/hard\libc_nano.a(lib_a-signal.o)
                0x000000000800a9d4                _raise_r
 .text.raise    0x000000000800aa24       0x10 c:/st/stm32cubeide_1.10.0/stm32cubeide/plugins/com.st.stm32cube.ide.mcu.externaltools.gnu-tools-for-stm32.10.3-2021.10.win32_1.0.100.202210260954/tools/bin/../lib/gcc/arm-none-eabi/10.3.1/../../../../arm-none-eabi/lib/thumb/v7e-m+fp/hard\libc_nano.a(lib_a-signal.o)
                0x000000000800aa24                raise
 .text._kill_r  0x000000000800aa34       0x24 c:/st/stm32cubeide_1.10.0/stm32cubeide/plugins/com.st.stm32cube.ide.mcu.externaltools.gnu-tools-for-stm32.10.3-2021.10.win32_1.0.100.202210260954/tools/bin/../lib/gcc/arm-none-eabi/10.3.1/../../../../arm-none-eabi/lib/thumb/v7e-m+fp/hard\libc_nano.a(lib_a-signalr.o)
                0x000000000800aa34                _kill_r
 .text._getpid_r
                0x000000000800aa58        0x4 c:/st/stm32cubeide_1.10.0/stm32cubeide/plugins/com.st.stm32cube.ide.mcu.externaltools.gnu-tools-for-stm32.10.3-2021.10.win32_1.0.100.202210260954/tools/bin/../lib/gcc/arm-none-eabi/10.3.1/../../../../arm-none-eabi/lib/thumb/v7e-m+fp/hard\libc_nano.a(lib_a-signalr.o)
                0x000000000800aa58                _getpid_r
 .text.sbrk_aligned
                0x000000000800aa5c       0x40 c:/st/stm32cubeide_1.10.0/stm32cubeide/plugins/com.st.stm32cube.ide.mcu.externaltools.gnu-tools-for-stm32.10.3-2021.10.win32_1.0.100.202210260954/tools/bin/../lib/gcc/arm-none-eabi/10.3.1/../../../../arm-none-eabi/lib/thumb/v7e-m+fp/hard\libc_nano.a(lib_a-nano-mallocr.o)
 .text._malloc_r
                0x000000000800aa9c       0xe8 c:/st/stm32cubeide_1.10.0/stm32cubeide/plugins/com.st.stm32cube.ide.mcu.externaltools.gnu-tools-for-stm32.10.3-2021.10.win32_1.0.100.202210260954/tools/bin/../lib/gcc/arm-none-eabi/10.3.1/../../../../arm-none-eabi/lib/thumb/v7e-m+fp/hard\libc_nano.a(lib_a-nano-mallocr.o)
                0x000000000800aa9c                _malloc_r
 .text._realloc_r
                0x000000000800ab84       0x5e c:/st/stm32cubeide_1.10.0/stm32cubeide/plugins/com.st.stm32cube.ide.mcu.externaltools.gnu-tools-for-stm32.10.3-2021.10.win32_1.0.100.202210260954/tools/bin/../lib/gcc/arm-none-eabi/10.3.1/../../../../arm-none-eabi/lib/thumb/v7e-m+fp/hard\libc_nano.a(lib_a-nano-reallocr.o)
                0x000000000800ab84                _realloc_r
 *fill*         0x000000000800abe2        0x2 
 .text._sbrk_r  0x000000000800abe4       0x20 c:/st/stm32cubeide_1.10.0/stm32cubeide/plugins/com.st.stm32cube.ide.mcu.externaltools.gnu-tools-for-stm32.10.3-2021.10.win32_1.0.100.202210260954/tools/bin/../lib/gcc/arm-none-eabi/10.3.1/../../../../arm-none-eabi/lib/thumb/v7e-m+fp/hard\libc_nano.a(lib_a-sbrkr.o)
                0x000000000800abe4                _sbrk_r
 .text.__malloc_lock
                0x000000000800ac04        0xc c:/st/stm32cubeide_1.10.0/stm32cubeide/plugins/com.st.stm32cube.ide.mcu.externaltools.gnu-tools-for-stm32.10.3-2021.10.win32_1.0.100.202210260954/tools/bin/../lib/gcc/arm-none-eabi/10.3.1/../../../../arm-none-eabi/lib/thumb/v7e-m+fp/hard\libc_nano.a(lib_a-mlock.o)
                0x000000000800ac04                __malloc_lock
 .text.__malloc_unlock
                0x000000000800ac10        0xc c:/st/stm32cubeide_1.10.0/stm32cubeide/plugins/com.st.stm32cube.ide.mcu.externaltools.gnu-tools-for-stm32.10.3-2021.10.win32_1.0.100.202210260954/tools/bin/../lib/gcc/arm-none-eabi/10.3.1/../../../../arm-none-eabi/lib/thumb/v7e-m+fp/hard\libc_nano.a(lib_a-mlock.o)
                0x000000000800ac10                __malloc_unlock
 .text._free_r  0x000000000800ac1c       0x98 c:/st/stm32cubeide_1.10.0/stm32cubeide/plugins/com.st.stm32cube.ide.mcu.externaltools.gnu-tools-for-stm32.10.3-2021.10.win32_1.0.100.202210260954/tools/bin/../lib/gcc/arm-none-eabi/10.3.1/../../../../arm-none-eabi/lib/thumb/v7e-m+fp/hard\libc_nano.a(lib_a-nano-freer.o)
                0x000000000800ac1c                _free_r
 .text._malloc_usable_size_r
                0x000000000800acb4       0x10 c:/st/stm32cubeide_1.10.0/stm32cubeide/plugins/com.st.stm32cube.ide.mcu.externaltools.gnu-tools-for-stm32.10.3-2021.10.win32_1.0.100.202210260954/tools/bin/../lib/gcc/arm-none-eabi/10.3.1/../../../../arm-none-eabi/lib/thumb/v7e-m+fp/hard\libc_nano.a(lib_a-nano-msizer.o)
                0x000000000800acb4                _malloc_usable_size_r
 .text.__retarget_lock_acquire_recursive
                0x000000000800acc4        0x2 c:/st/stm32cubeide_1.10.0/stm32cubeide/plugins/com.st.stm32cube.ide.mcu.externaltools.gnu-tools-for-stm32.10.3-2021.10.win32_1.0.100.202210260954/tools/bin/../lib/gcc/arm-none-eabi/10.3.1/../../../../arm-none-eabi/lib/thumb/v7e-m+fp/hard\libc_nano.a(lib_a-lock.o)
                0x000000000800acc4                __retarget_lock_acquire_recursive
 .text.__retarget_lock_release_recursive
                0x000000000800acc6        0x2 c:/st/stm32cubeide_1.10.0/stm32cubeide/plugins/com.st.stm32cube.ide.mcu.externaltools.gnu-tools-for-stm32.10.3-2021.10.win32_1.0.100.202210260954/tools/bin/../lib/gcc/arm-none-eabi/10.3.1/../../../../arm-none-eabi/lib/thumb/v7e-m+fp/hard\libc_nano.a(lib_a-lock.o)
                0x000000000800acc6                __retarget_lock_release_recursive
 *(.glue_7)
 .glue_7        0x000000000800acc8        0x0 linker stubs
 *(.glue_7t)
 .glue_7t       0x000000000800acc8        0x0 linker stubs
 *(.eh_frame)
 .eh_frame      0x000000000800acc8        0x0 c:/st/stm32cubeide_1.10.0/stm32cubeide/plugins/com.st.stm32cube.ide.mcu.externaltools.gnu-tools-for-stm32.10.3-2021.10.win32_1.0.100.202210260954/tools/bin/../lib/gcc/arm-none-eabi/10.3.1/thumb/v7e-m+fp/hard/crtbegin.o
 *(.init)
 .init          0x000000000800acc8        0x4 c:/st/stm32cubeide_1.10.0/stm32cubeide/plugins/com.st.stm32cube.ide.mcu.externaltools.gnu-tools-for-stm32.10.3-2021.10.win32_1.0.100.202210260954/tools/bin/../lib/gcc/arm-none-eabi/10.3.1/thumb/v7e-m+fp/hard/crti.o
                0x000000000800acc8                _init
 .init          0x000000000800accc        0x8 c:/st/stm32cubeide_1.10.0/stm32cubeide/plugins/com.st.stm32cube.ide.mcu.externaltools.gnu-tools-for-stm32.10.3-2021.10.win32_1.0.100.202210260954/tools/bin/../lib/gcc/arm-none-eabi/10.3.1/thumb/v7e-m+fp/hard/crtn.o
 *(.fini)
 .fini          0x000000000800acd4        0x4 c:/st/stm32cubeide_1.10.0/stm32cubeide/plugins/com.st.stm32cube.ide.mcu.externaltools.gnu-tools-for-stm32.10.3-2021.10.win32_1.0.100.202210260954/tools/bin/../lib/gcc/arm-none-eabi/10.3.1/thumb/v7e-m+fp/hard/crti.o
                0x000000000800acd4                _fini
 .fini          0x000000000800acd8        0x8 c:/st/stm32cubeide_1.10.0/stm32cubeide/plugins/com.st.stm32cube.ide.mcu.externaltools.gnu-tools-for-stm32.10.3-2021.10.win32_1.0.100.202210260954/tools/bin/../lib/gcc/arm-none-eabi/10.3.1/thumb/v7e-m+fp/hard/crtn.o
                0x000000000800ace0                . = ALIGN (0x4)
                0x000000000800ace0                _etext = .

.vfp11_veneer   0x000000000800ace0        0x0
 .vfp11_veneer  0x000000000800ace0        0x0 linker stubs

.v4_bx          0x000000000800ace0        0x0
 .v4_bx         0x000000000800ace0        0x0 linker stubs

.iplt           0x000000000800ace0        0x0
 .iplt          0x000000000800ace0        0x0 c:/st/stm32cubeide_1.10.0/stm32cubeide/plugins/com.st.stm32cube.ide.mcu.externaltools.gnu-tools-for-stm32.10.3-2021.10.win32_1.0.100.202210260954/tools/bin/../lib/gcc/arm-none-eabi/10.3.1/thumb/v7e-m+fp/hard/crtbegin.o

.rodata         0x000000000800ace0      0x370
                0x000000000800ace0                . = ALIGN (0x4)
 *(.rodata)
 .rodata        0x000000000800ace0      0x1ad ./Core/Src/main.o
 *fill*         0x000000000800ae8d        0x3 
 .rodata        0x000000000800ae90        0x5 ./Middlewares/Third_Party/FreeRTOS/Source/tasks.o
 *fill*         0x000000000800ae95        0x3 
 .rodata        0x000000000800ae98        0xd ./Middlewares/Third_Party/FreeRTOS/Source/timers.o
 *(.rodata*)
 *fill*         0x000000000800aea5        0x3 
 .rodata._ZN14rosserial_msgsL12REQUESTPARAME
                0x000000000800aea8       0x1c ./Core/Src/main.o
 .rodata._ZL22defaultTask_attributes
                0x000000000800aec4       0x24 ./Core/Src/main.o
 .rodata._ZL19myTask02_attributes
                0x000000000800aee8       0x24 ./Core/Src/main.o
 .rodata._ZL19myTask03_attributes
                0x000000000800af0c       0x24 ./Core/Src/main.o
 .rodata._ZTVN3ros10SubscriberIN8std_msgs4BoolEvEE
                0x000000000800af30       0x18 ./Core/Src/main.o
                0x000000000800af30                vtable for ros::Subscriber<std_msgs::Bool, void>
 .rodata._ZTVN3ros11NodeHandle_I13STM32HardwareLi25ELi25ELi512ELi512EEE
                0x000000000800af48       0x14 ./Core/Src/main.o
                0x000000000800af48                vtable for ros::NodeHandle_<STM32Hardware, 25, 25, 512, 512>
 .rodata._ZTVN8std_msgs4BoolE
                0x000000000800af5c       0x18 ./Core/Src/main.o
                0x000000000800af5c                vtable for std_msgs::Bool
 .rodata._ZTVN8std_msgs6StringE
                0x000000000800af74       0x18 ./Core/Src/main.o
                0x000000000800af74                vtable for std_msgs::String
 .rodata._ZTVN3ros11Subscriber_E
                0x000000000800af8c       0x18 ./Core/Src/main.o
                0x000000000800af8c                vtable for ros::Subscriber_
 .rodata._ZTVN3ros15NodeHandleBase_E
                0x000000000800afa4       0x14 ./Core/Src/main.o
                0x000000000800afa4                vtable for ros::NodeHandleBase_
 .rodata._ZTVN14rosserial_msgs20RequestParamResponseE
                0x000000000800afb8       0x18 ./Core/Src/main.o
                0x000000000800afb8                vtable for rosserial_msgs::RequestParamResponse
 .rodata._ZTVN14rosserial_msgs3LogE
                0x000000000800afd0       0x18 ./Core/Src/main.o
                0x000000000800afd0                vtable for rosserial_msgs::Log
 .rodata._ZTVN14rosserial_msgs9TopicInfoE
                0x000000000800afe8       0x18 ./Core/Src/main.o
                0x000000000800afe8                vtable for rosserial_msgs::TopicInfo
 .rodata._ZTVN8std_msgs4TimeE
                0x000000000800b000       0x18 ./Core/Src/main.o
                0x000000000800b000                vtable for std_msgs::Time
 .rodata._ZTVN3ros3MsgE
                0x000000000800b018       0x18 ./Core/Src/main.o
                0x000000000800b018                vtable for ros::Msg
 .rodata.AHBPrescTable
                0x000000000800b030       0x10 ./Core/Src/system_stm32f4xx.o
                0x000000000800b030                AHBPrescTable
 .rodata.APBPrescTable
                0x000000000800b040        0x8 ./Core/Src/system_stm32f4xx.o
                0x000000000800b040                APBPrescTable
 .rodata.flagBitshiftOffset.0
                0x000000000800b048        0x8 ./Drivers/STM32F4xx_HAL_Driver/Src/stm32f4xx_hal_dma.o
                0x000000000800b050                . = ALIGN (0x4)

.ARM.extab      0x000000000800b050        0x0
                0x000000000800b050                . = ALIGN (0x4)
 *(.ARM.extab* .gnu.linkonce.armextab.*)
                0x000000000800b050                . = ALIGN (0x4)

.ARM            0x000000000800b050        0x8
                0x000000000800b050                . = ALIGN (0x4)
                0x000000000800b050                __exidx_start = .
 *(.ARM.exidx*)
 .ARM.exidx     0x000000000800b050        0x8 c:/st/stm32cubeide_1.10.0/stm32cubeide/plugins/com.st.stm32cube.ide.mcu.externaltools.gnu-tools-for-stm32.10.3-2021.10.win32_1.0.100.202210260954/tools/bin/../lib/gcc/arm-none-eabi/10.3.1/thumb/v7e-m+fp/hard\libgcc.a(_udivmoddi4.o)
                0x000000000800b058                __exidx_end = .
                0x000000000800b058                . = ALIGN (0x4)

.rel.dyn        0x000000000800b058        0x0
 .rel.iplt      0x000000000800b058        0x0 c:/st/stm32cubeide_1.10.0/stm32cubeide/plugins/com.st.stm32cube.ide.mcu.externaltools.gnu-tools-for-stm32.10.3-2021.10.win32_1.0.100.202210260954/tools/bin/../lib/gcc/arm-none-eabi/10.3.1/thumb/v7e-m+fp/hard/crtbegin.o

.preinit_array  0x000000000800b058        0x0
                0x000000000800b058                . = ALIGN (0x4)
                0x000000000800b058                PROVIDE (__preinit_array_start = .)
 *(.preinit_array*)
                0x000000000800b058                PROVIDE (__preinit_array_end = .)
                0x000000000800b058                . = ALIGN (0x4)

.init_array     0x000000000800b058        0x8
                0x000000000800b058                . = ALIGN (0x4)
                0x000000000800b058                PROVIDE (__init_array_start = .)
 *(SORT_BY_NAME(.init_array.*))
 *(.init_array*)
 .init_array    0x000000000800b058        0x4 c:/st/stm32cubeide_1.10.0/stm32cubeide/plugins/com.st.stm32cube.ide.mcu.externaltools.gnu-tools-for-stm32.10.3-2021.10.win32_1.0.100.202210260954/tools/bin/../lib/gcc/arm-none-eabi/10.3.1/thumb/v7e-m+fp/hard/crtbegin.o
 .init_array    0x000000000800b05c        0x4 ./Core/Src/main.o
                0x000000000800b060                PROVIDE (__init_array_end = .)
                0x000000000800b060                . = ALIGN (0x4)

.fini_array     0x000000000800b060        0x4
                0x000000000800b060                . = ALIGN (0x4)
                [!provide]                        PROVIDE (__fini_array_start = .)
 *(SORT_BY_NAME(.fini_array.*))
 *(.fini_array*)
 .fini_array    0x000000000800b060        0x4 c:/st/stm32cubeide_1.10.0/stm32cubeide/plugins/com.st.stm32cube.ide.mcu.externaltools.gnu-tools-for-stm32.10.3-2021.10.win32_1.0.100.202210260954/tools/bin/../lib/gcc/arm-none-eabi/10.3.1/thumb/v7e-m+fp/hard/crtbegin.o
                [!provide]                        PROVIDE (__fini_array_end = .)
                0x000000000800b064                . = ALIGN (0x4)
                0x000000000800b064                _sidata = LOADADDR (.data)

.data           0x0000000020000000       0x88 load address 0x000000000800b064
                0x0000000020000000                . = ALIGN (0x4)
                0x0000000020000000                _sdata = .
 *(.data)
 *(.data*)
 .data.hello    0x0000000020000000        0xd ./Core/Src/main.o
                0x0000000020000000                hello
 *fill*         0x000000002000000d        0x3 
 .data.SystemCoreClock
                0x0000000020000010        0x4 ./Core/Src/system_stm32f4xx.o
                0x0000000020000010                SystemCoreClock
 .data.uwTickPrio
                0x0000000020000014        0x4 ./Drivers/STM32F4xx_HAL_Driver/Src/stm32f4xx_hal.o
                0x0000000020000014                uwTickPrio
 .data.uwTickFreq
                0x0000000020000018        0x1 ./Drivers/STM32F4xx_HAL_Driver/Src/stm32f4xx_hal.o
                0x0000000020000018                uwTickFreq
 *fill*         0x0000000020000019        0x3 
 .data.uxCriticalNesting
                0x000000002000001c        0x4 ./Middlewares/Third_Party/FreeRTOS/Source/portable/GCC/ARM_CM4F/port.o
 .data._ZN10__cxxabiv119__terminate_handlerE
                0x0000000020000020        0x4 c:/st/stm32cubeide_1.10.0/stm32cubeide/plugins/com.st.stm32cube.ide.mcu.externaltools.gnu-tools-for-stm32.10.3-2021.10.win32_1.0.100.202210260954/tools/bin/../lib/gcc/arm-none-eabi/10.3.1/../../../../arm-none-eabi/lib/thumb/v7e-m+fp/hard\libstdc++_nano.a(eh_term_handler.o)
                0x0000000020000020                __cxxabiv1::__terminate_handler
 .data._impure_ptr
                0x0000000020000024        0x4 c:/st/stm32cubeide_1.10.0/stm32cubeide/plugins/com.st.stm32cube.ide.mcu.externaltools.gnu-tools-for-stm32.10.3-2021.10.win32_1.0.100.202210260954/tools/bin/../lib/gcc/arm-none-eabi/10.3.1/../../../../arm-none-eabi/lib/thumb/v7e-m+fp/hard\libc_nano.a(lib_a-impure.o)
                0x0000000020000024                _impure_ptr
 .data.impure_data
                0x0000000020000028       0x60 c:/st/stm32cubeide_1.10.0/stm32cubeide/plugins/com.st.stm32cube.ide.mcu.externaltools.gnu-tools-for-stm32.10.3-2021.10.win32_1.0.100.202210260954/tools/bin/../lib/gcc/arm-none-eabi/10.3.1/../../../../arm-none-eabi/lib/thumb/v7e-m+fp/hard\libc_nano.a(lib_a-impure.o)
 *(.RamFunc)
 *(.RamFunc*)
                0x0000000020000088                . = ALIGN (0x4)
                0x0000000020000088                _edata = .
                0x000000000800b0ec                _siccmram = LOADADDR (.ccmram)

.igot.plt       0x0000000020000088        0x0 load address 0x000000000800b0ec
 .igot.plt      0x0000000020000088        0x0 c:/st/stm32cubeide_1.10.0/stm32cubeide/plugins/com.st.stm32cube.ide.mcu.externaltools.gnu-tools-for-stm32.10.3-2021.10.win32_1.0.100.202210260954/tools/bin/../lib/gcc/arm-none-eabi/10.3.1/thumb/v7e-m+fp/hard/crtbegin.o

.ccmram         0x0000000010000000        0x0 load address 0x000000000800b0ec
                0x0000000010000000                . = ALIGN (0x4)
                0x0000000010000000                _sccmram = .
 *(.ccmram)
 *(.ccmram*)
                0x0000000010000000                . = ALIGN (0x4)
                0x0000000010000000                _eccmram = .
                0x0000000010000000                . = ALIGN (0x4)

.bss            0x0000000020000088     0x5738
                0x0000000020000088                _sbss = .
                0x0000000020000088                __bss_start__ = _sbss
 *(.bss)
 .bss           0x0000000020000088       0x1c c:/st/stm32cubeide_1.10.0/stm32cubeide/plugins/com.st.stm32cube.ide.mcu.externaltools.gnu-tools-for-stm32.10.3-2021.10.win32_1.0.100.202210260954/tools/bin/../lib/gcc/arm-none-eabi/10.3.1/thumb/v7e-m+fp/hard/crtbegin.o
 *(.bss*)
 .bss._ZZN13STM32Hardware5flushEvE5mutex
                0x00000000200000a4        0x1 ./Core/Src/main.o
                0x00000000200000a4                STM32Hardware::flush()::mutex
 *fill*         0x00000000200000a5        0x3 
 .bss.hadc1     0x00000000200000a8       0x48 ./Core/Src/main.o
                0x00000000200000a8                hadc1
 .bss.hi2c1     0x00000000200000f0       0x54 ./Core/Src/main.o
                0x00000000200000f0                hi2c1
 .bss.hi2c2     0x0000000020000144       0x54 ./Core/Src/main.o
                0x0000000020000144                hi2c2
 .bss.htim1     0x0000000020000198       0x48 ./Core/Src/main.o
                0x0000000020000198                htim1
 .bss.htim2     0x00000000200001e0       0x48 ./Core/Src/main.o
                0x00000000200001e0                htim2
 .bss.htim3     0x0000000020000228       0x48 ./Core/Src/main.o
                0x0000000020000228                htim3
 .bss.htim4     0x0000000020000270       0x48 ./Core/Src/main.o
                0x0000000020000270                htim4
 .bss.htim5     0x00000000200002b8       0x48 ./Core/Src/main.o
                0x00000000200002b8                htim5
 .bss.htim6     0x0000000020000300       0x48 ./Core/Src/main.o
                0x0000000020000300                htim6
 .bss.huart1    0x0000000020000348       0x44 ./Core/Src/main.o
                0x0000000020000348                huart1
 .bss.huart3    0x000000002000038c       0x44 ./Core/Src/main.o
                0x000000002000038c                huart3
 .bss.hdma_usart1_rx
                0x00000000200003d0       0x60 ./Core/Src/main.o
                0x00000000200003d0                hdma_usart1_rx
 .bss.hdma_usart1_tx
                0x0000000020000430       0x60 ./Core/Src/main.o
                0x0000000020000430                hdma_usart1_tx
 .bss.defaultTaskHandle
                0x0000000020000490        0x4 ./Core/Src/main.o
                0x0000000020000490                defaultTaskHandle
 .bss.myTask02Handle
                0x0000000020000494        0x4 ./Core/Src/main.o
                0x0000000020000494                myTask02Handle
 .bss.myTask03Handle
                0x0000000020000498        0x4 ./Core/Src/main.o
                0x0000000020000498                myTask03Handle
 .bss.nh        0x000000002000049c      0x93c ./Core/Src/main.o
                0x000000002000049c                nh
 .bss.str_msg   0x0000000020000dd8        0x8 ./Core/Src/main.o
                0x0000000020000dd8                str_msg
 .bss.chatter   0x0000000020000de0       0x14 ./Core/Src/main.o
                0x0000000020000de0                chatter
 .bss.kierunek  0x0000000020000df4       0x1c ./Core/Src/main.o
                0x0000000020000df4                kierunek
 .bss.htim10    0x0000000020000e10       0x48 ./Core/Src/stm32f4xx_hal_timebase_tim.o
                0x0000000020000e10                htim10
 .bss.__sbrk_heap_end
                0x0000000020000e58        0x4 ./Core/Src/sysmem.o
 .bss.uwTick    0x0000000020000e5c        0x4 ./Drivers/STM32F4xx_HAL_Driver/Src/stm32f4xx_hal.o
                0x0000000020000e5c                uwTick
 .bss.KernelState
                0x0000000020000e60        0x4 ./Middlewares/Third_Party/FreeRTOS/Source/CMSIS_RTOS_V2/cmsis_os2.o
 .bss.Idle_TCB.3
                0x0000000020000e64       0x5c ./Middlewares/Third_Party/FreeRTOS/Source/CMSIS_RTOS_V2/cmsis_os2.o
 .bss.Idle_Stack.2
                0x0000000020000ec0      0x200 ./Middlewares/Third_Party/FreeRTOS/Source/CMSIS_RTOS_V2/cmsis_os2.o
 .bss.Timer_TCB.1
                0x00000000200010c0       0x5c ./Middlewares/Third_Party/FreeRTOS/Source/CMSIS_RTOS_V2/cmsis_os2.o
 .bss.Timer_Stack.0
                0x000000002000111c      0x400 ./Middlewares/Third_Party/FreeRTOS/Source/CMSIS_RTOS_V2/cmsis_os2.o
 .bss.xQueueRegistry
                0x000000002000151c       0x40 ./Middlewares/Third_Party/FreeRTOS/Source/queue.o
                0x000000002000151c                xQueueRegistry
 .bss.pxCurrentTCB
                0x000000002000155c        0x4 ./Middlewares/Third_Party/FreeRTOS/Source/tasks.o
                0x000000002000155c                pxCurrentTCB
 .bss.pxReadyTasksLists
                0x0000000020001560      0x460 ./Middlewares/Third_Party/FreeRTOS/Source/tasks.o
 .bss.xDelayedTaskList1
                0x00000000200019c0       0x14 ./Middlewares/Third_Party/FreeRTOS/Source/tasks.o
 .bss.xDelayedTaskList2
                0x00000000200019d4       0x14 ./Middlewares/Third_Party/FreeRTOS/Source/tasks.o
 .bss.pxDelayedTaskList
                0x00000000200019e8        0x4 ./Middlewares/Third_Party/FreeRTOS/Source/tasks.o
 .bss.pxOverflowDelayedTaskList
                0x00000000200019ec        0x4 ./Middlewares/Third_Party/FreeRTOS/Source/tasks.o
 .bss.xPendingReadyList
                0x00000000200019f0       0x14 ./Middlewares/Third_Party/FreeRTOS/Source/tasks.o
 .bss.xTasksWaitingTermination
                0x0000000020001a04       0x14 ./Middlewares/Third_Party/FreeRTOS/Source/tasks.o
 .bss.uxDeletedTasksWaitingCleanUp
                0x0000000020001a18        0x4 ./Middlewares/Third_Party/FreeRTOS/Source/tasks.o
 .bss.xSuspendedTaskList
                0x0000000020001a1c       0x14 ./Middlewares/Third_Party/FreeRTOS/Source/tasks.o
 .bss.uxCurrentNumberOfTasks
                0x0000000020001a30        0x4 ./Middlewares/Third_Party/FreeRTOS/Source/tasks.o
 .bss.xTickCount
                0x0000000020001a34        0x4 ./Middlewares/Third_Party/FreeRTOS/Source/tasks.o
 .bss.uxTopReadyPriority
                0x0000000020001a38        0x4 ./Middlewares/Third_Party/FreeRTOS/Source/tasks.o
 .bss.xSchedulerRunning
                0x0000000020001a3c        0x4 ./Middlewares/Third_Party/FreeRTOS/Source/tasks.o
 .bss.xPendedTicks
                0x0000000020001a40        0x4 ./Middlewares/Third_Party/FreeRTOS/Source/tasks.o
 .bss.xYieldPending
                0x0000000020001a44        0x4 ./Middlewares/Third_Party/FreeRTOS/Source/tasks.o
 .bss.xNumOfOverflows
                0x0000000020001a48        0x4 ./Middlewares/Third_Party/FreeRTOS/Source/tasks.o
 .bss.uxTaskNumber
                0x0000000020001a4c        0x4 ./Middlewares/Third_Party/FreeRTOS/Source/tasks.o
 .bss.xNextTaskUnblockTime
                0x0000000020001a50        0x4 ./Middlewares/Third_Party/FreeRTOS/Source/tasks.o
 .bss.xIdleTaskHandle
                0x0000000020001a54        0x4 ./Middlewares/Third_Party/FreeRTOS/Source/tasks.o
 .bss.uxSchedulerSuspended